
---------- 2026-06-28 13:18:43 -0400: Logging Started ----------



#     #                          #######
##   ##  ######   ####     ##    #        #         ##     ####   #    #
# # # #  #       #    #   #  #   #        #        #  #   #       #    #
#  #  #  #####   #       #    #  #####    #       #    #   ####   ######
#     #  #       #  ###  ######  #        #       ######       #  #    #
#     #  #       #    #  #    #  #        #       #    #  #    #  #    #
#     #  ######   ####   #    #  #        ######  #    #   ####   #    #

Main Menu
=========

1) Device Information
2) Upload ProDOS Image file to MegaFlash
3) Download ProDOS Image file from MegaFlash
4) Erase Flash Content

Please Select:1

Device Information
==================

Pico Board = Pico 2 RP2350
Wifi Supported = Yes
CPU Speed = 150MHz, SPI Speed = 75.0MHz
MegaFlash Pico Firmware Version = V1.2.2-eo
Firmware build: 2026-06-28 01:33:44 UTC  (1782610424 Unix s)
Pico SDK Version = 2.2.0
Total Flash Capacity = 256MB
Flash Chip #0 JEDEC ID = EF4021h
Flash Chip #1 JEDEC ID = EF4021h

Partition Information:
Drive Type    Volume Name     Size (Blocks)
  1   ProDOS  A2.DESKTOP      65535
  2   ProDOS  DEVTOOLS        65535
  3   ProDOS  VOL3            65535
  4   ProDOS  VOL4            65535
  5   Empty   
  6   Empty   
  7   Empty   
  8   Empty   

Press any key to continue...

---------- 2026-06-28 13:19:21 -0400: Disconnected ----------

