
---------- 2026-08-17 22:52:53 -0400: Logging Started ----------



#     #                          #######
##   ##  ######   ####     ##    #        #         ##     ####   #    #
# # # #  #       #    #   #  #   #        #        #  #   #       #    #
#  #  #  #####   #       #    #  #####    #       #    #   ####   ######
#     #  #       #  ###  ######  #        #       ######       #  #    #
#     #  #       #    #  #    #  #        #       #    #  #    #  #    #
#     #  ######   ####   #    #  #        ######  #    #   ####   #    #

Main Menu
=========

1) Device Information
2) Upload ProDOS Image file to MegaFlash
3) Download ProDOS Image file from MegaFlash
4) Erase Flash Content

Please Select:1

Device Information
==================

Pico Board = Pico 2 RP2350
Wifi Supported = Yes
CPU Speed = 150MHz, SPI Speed = 75.0MHz
MegaFlash Pico Firmware Version = V1.2.2-eo (DEBUG)
Firmware build: 2026-07-12 20:30:24 UTC  (1783888224 Unix s)
Pico SDK Version = 2.2.0
Total Flash Capacity = 128MB
Flash Chip #0 JEDEC ID = EF7020h
Flash Chip #1 JEDEC ID = EF7020h

Partition Information:
Drive Type    Volume Name     Size (Blocks)
  1   ProDOS  A2.DESKTOP      65535
  2   ProDOS  OSITIS.WEB      65535
  3   Empty   
  4   ProDOS  DEVTOOLS        65535

Press any key to continue...

---------- 2026-08-17 22:53:54 -0400: Disconnected ----------


---------- 2026-08-17 22:56:40 -0400: Connected ----------

Version: 7.95.49 (2271bb6 CY) CRC: b7a28ef3 Date: Mon 2021-11-29 22:50:27 PST Ucode Ver: 1043.2162 FWID 01-c51d9400
cyw43 loaded ok, mac 88:a2:9e:48:22:7a
[u2m] 20291 reset


#     #                          #######
##   ##  ######   ####     ##    #        #         ##     ####   #    #
# # # #  #       #    #   #  #   #        #        #  #   #       #    #
#  #  #  #####   #       #    #  #####    #       #    #   ####   ######
#     #  #       #  ###  ######  #        #       ######       #  #    #
#     #  #       #    #  #    #  #        #       #    #  #    #  #    #
#     #  ######   ####   #    #  #        ######  #    #   ####   #    #

Main Menu
=========

1) Device Information
2) Upload ProDOS Image file to MegaFlash
3) Download ProDOS Image file from MegaFlash
4) Erase Flash Content

Please Select:1

Device Information
==================

Pico Board = Pico 2 RP2350
Wifi Supported = Yes
CPU Speed = 150MHz, SPI Speed = 75.0MHz
MegaFlash Pico Firmware Version = V1.2.3-eo (DEBUG)
Firmware build: 2026-07-27 07:49:55 UTC  (1785138595 Unix s)
Pico SDK Version = 2.2.0
Total Flash Capacity = 128MB
Flash Chip #0 JEDEC ID = EF7020h
Flash Chip #1 JEDEC ID = EF7020h

Partition Information:
Drive Type    Volume Name     Size (Blocks)
  1   ProDOS  A2.DESKTOP      65535
  2   ProDOS  OSITIS.WEB      65535
  3   Empty   
  4   ProDOS  DEVTOOLS        65535

Press any key to continue...Timeout

---------- 2026-08-17 23:00:53 -0400: Disconnected ----------


---------- 2026-08-17 23:47:30 -0400: Connected ----------

Version: 7.95.49 (2271bb6 CY) CRC: b7a28ef3 Date: Mon 2021-11-29 22:50:27 PST Ucode Ver: 1043.2162 FWID 01-c51d9400
cyw43 loaded ok, mac 88:a2:9e:48:22:7a
[u2m] 20458 reset


#     #                          #######
##   ##  ######   ####     ##    #        #         ##     ####   #    #
# # # #  #       #    #   #  #   #        #        #  #   #       #    #
#  #  #  #####   #       #    #  #####    #       #    #   ####   ######
#     #  #       #  ###  ######  #        #       ######       #  #    #
#     #  #       #    #  #    #  #        #       #    #  #    #  #    #
#     #  ######   ####   #    #  #        ######  #    #   ####   #    #

Main Menu
=========

1) Device Information
2) Upload ProDOS Image file to MegaFlash
3) Download ProDOS Image file from MegaFlash
4) Erase Flash Content

Please Select:1

Device Information
==================

Pico Board = Pico 2 RP2350
Wifi Supported = Yes
CPU Speed = 150MHz, SPI Speed = 75.0MHz
MegaFlash Pico Firmware Version = V1.2.3-eo (DEBUG)
Firmware build: 2026-08-18 03:44:10 UTC  (1787024650 Unix s)
Pico SDK Version = 2.2.0
Total Flash Capacity = 128MB
Flash Chip #0 JEDEC ID = EF7020h
Flash Chip #1 JEDEC ID = EF7020h

Partition Information:
Drive Type    Volume Name     Size (Blocks)
  1   ProDOS  A2.DESKTOP      65535
  2   ProDOS  OSITIS.WEB      65535
  3   Empty   
  4   ProDOS  DEVTOOLS        65535

Press any key to continue...

---------- 2026-08-17 23:47:41 -0400: Disconnected ----------


---------- 2026-08-18 07:08:47 -0400: Connected ----------

Version: 7.95.49 (2271bb6 CY) CRC: b7a28ef3 Date: Mon 2021-11-29 22:50:27 PST Ucode Ver: 1043.2162 FWID 01-c51d9400
cyw43 loaded ok, mac 88:a2:9e:48:22:7a
[u2m] 14966 reset


#     #                          #######
##   ##  ######   ####     ##    #        #         ##     ####   #    #
# # # #  #       #    #   #  #   #        #        #  #   #       #    #
#  #  #  #####   #       #    #  #####    #       #    #   ####   ######
#     #  #       #  ###  ######  #        #       ######       #  #    #
#     #  #       #    #  #    #  #        #       #    #  #    #  #    #
#     #  ######   ####   #    #  #        ######  #    #   ####   #    #

Main Menu
=========

1) Device Information
2) Upload ProDOS Image file to MegaFlash
3) Download ProDOS Image file from MegaFlash
4) Erase Flash Content

Please Select:

---------- 2026-08-18 07:10:22 -0400: Disconnected ----------


---------- 2026-08-18 08:23:16 -0400: Connected ----------

Version: 7.95.49 (2271bb6 CY) CRC: b7a28ef3 Date: Mon 2021-11-29 22:50:27 PST Ucode Ver: 1043.2162 FWID 01-c51d9400
cyw43 loaded ok, mac 88:a2:9e:48:22:7a
[u2m] 20377 reset


#     #                          #######
##   ##  ######   ####     ##    #        #         ##     ####   #    #
# # # #  #       #    #   #  #   #        #        #  #   #       #    #
#  #  #  #####   #       #    #  #####    #       #    #   ####   ######
#     #  #       #  ###  ######  #        #       ######       #  #    #
#     #  #       #    #  #    #  #        #       #    #  #    #  #    #
#     #  ######   ####   #    #  #        ######  #    #   ####   #    #

Main Menu
=========

1) Device Information
2) Upload ProDOS Image file to MegaFlash
3) Download ProDOS Image file from MegaFlash
4) Erase Flash Content

Please Select:

---------- 2026-08-18 08:23:38 -0400: Disconnected ----------


---------- 2026-08-18 08:41:20 -0400: Connected ----------

Version: 7.95.49 (2271bb6 CY) CRC: b7a28ef3 Date: Mon 2021-11-29 22:50:27 PST Ucode Ver: 1043.2162 FWID 01-c51d9400
cyw43 loaded ok, mac 88:a2:9e:48:22:7a
[u2m] 20274 reset


#     #                          #######
##   ##  ######   ####     ##    #        #         ##     ####   #    #
# # # #  #       #    #   #  #   #        #        #  #   #       #    #
#  #  #  #####   #       #    #  #####    #       #    #   ####   ######
#     #  #       #  ###  ######  #        #       ######       #  #    #
#     #  #       #    #  #    #  #        #       #    #  #    #  #    #
#     #  ######   ####   #    #  #        ######  #    #   ####   #    #

Main Menu
=========

1) Device Information
2) Upload ProDOS Image file to MegaFlash
3) Download ProDOS Image file from MegaFlash
4) Erase Flash Content

Please Select:

---------- 2026-08-18 08:41:53 -0400: Disconnected ----------


---------- 2026-08-18 08:55:53 -0400: Connected ----------

Version: 7.95.49 (2271bb6 CY) CRC: b7a28ef3 Date: Mon 2021-11-29 22:50:27 PST Ucode Ver: 1043.2162 FWID 01-c51d9400
cyw43 loaded ok, mac 88:a2:9e:48:22:7a
[u2m] 20363 reset


#     #                          #######
##   ##  ######   ####     ##    #        #         ##     ####   #    #
# # # #  #       #    #   #  #   #        #        #  #   #       #    #
#  #  #  #####   #       #    #  #####    #       #    #   ####   ######
#     #  #       #  ###  ######  #        #       ######       #  #    #
#     #  #       #    #  #    #  #        #       #    #  #    #  #    #
#     #  ######   ####   #    #  #        ######  #    #   ####   #    #

Main Menu
=========

1) Device Information
2) Upload ProDOS Image file to MegaFlash
3) Download ProDOS Image file from MegaFlash
4) Erase Flash Content

Please Select:

---------- 2026-08-18 08:56:05 -0400: Disconnected ----------


---------- 2026-08-18 10:38:57 -0400: Connected ----------

Version: 7.95.49 (2271bb6 CY) CRC: b7a28ef3 Date: Mon 2021-11-29 22:50:27 PST Ucode Ver: 1043.2162 FWID 01-c51d9400
cyw43 loaded ok, mac 88:a2:9e:48:22:7a
[u2m] 20334 reset


#     #                          #######
##   ##  ######   ####     ##    #        #         ##     ####   #    #
# # # #  #       #    #   #  #   #        #        #  #   #       #    #
#  #  #  #####   #       #    #  #####    #       #    #   ####   ######
#     #  #       #  ###  ######  #        #       ######       #  #    #
#     #  #       #    #  #    #  #        #       #    #  #    #  #    #
#     #  ######   ####   #    #  #        ######  #    #   ####   #    #

Main Menu
=========

1) Device Information
2) Upload ProDOS Image file to MegaFlash
3) Download ProDOS Image file from MegaFlash
4) Erase Flash Content

Please Select:

---------- 2026-08-18 10:39:02 -0400: Disconnected ----------


---------- 2026-08-18 20:41:17 -0400: Connected ----------

Version: 7.95.49 (2271bb6 CY) CRC: b7a28ef3 Date: Mon 2021-11-29 22:50:27 PST Ucode Ver: 1043.2162 FWID 01-c51d9400
cyw43 loaded ok, mac 88:a2:9e:48:22:7a
[u2m] 20334 reset


#     #                          #######
##   ##  ######   ####     ##    #        #         ##     ####   #    #
# # # #  #       #    #   #  #   #        #        #  #   #       #    #
#  #  #  #####   #       #    #  #####    #       #    #   ####   ######
#     #  #       #  ###  ######  #        #       ######       #  #    #
#     #  #       #    #  #    #  #        #       #    #  #    #  #    #
#     #  ######   ####   #    #  #        ######  #    #   ####   #    #

Main Menu
=========

1) Device Information
2) Upload ProDOS Image file to MegaFlash
3) Download ProDOS Image file from MegaFlash
4) Erase Flash Content

Please Select:

---------- 2026-08-18 20:41:22 -0400: Disconnected ----------


---------- 2026-08-18 21:30:14 -0400: Connected ----------

Version: 7.95.49 (2271bb6 CY) CRC: b7a28ef3 Date: Mon 2021-11-29 22:50:27 PST Ucode Ver: 1043.2162 FWID 01-c51d9400
cyw43 loaded ok, mac 88:a2:9e:48:22:7a
[u2m] 20383 reset


#     #                          #######
##   ##  ######   ####     ##    #        #         ##     ####   #    #
# # # #  #       #    #   #  #   #        #        #  #   #       #    #
#  #  #  #####   #       #    #  #####    #       #    #   ####   ######
#     #  #       #  ###  ######  #        #       ######       #  #    #
#     #  #       #    #  #    #  #        #       #    #  #    #  #    #
#     #  ######   ####   #    #  #        ######  #    #   ####   #    #

Main Menu
=========

1) Device Information
2) Upload ProDOS Image file to MegaFlash
3) Download ProDOS Image file from MegaFlash
4) Erase Flash Content

Please Select:

---------- 2026-08-18 21:30:18 -0400: Disconnected ----------


---------- 2026-08-18 22:05:34 -0400: Connected ----------

Version: 7.95.49 (2271bb6 CY) CRC: b7a28ef3 Date: Mon 2021-11-29 22:50:27 PST Ucode Ver: 1043.2162 FWID 01-c51d9400
cyw43 loaded ok, mac 88:a2:9e:48:22:7a
[u2m] 20456 reset


#     #                          #######
##   ##  ######   ####     ##    #        #         ##     ####   #    #
# # # #  #       #    #   #  #   #        #        #  #   #       #    #
#  #  #  #####   #       #    #  #####    #       #    #   ####   ######
#     #  #       #  ###  ######  #        #       ######       #  #    #
#     #  #       #    #  #    #  #        #       #    #  #    #  #    #
#     #  ######   ####   #    #  #        ######  #    #   ####   #    #

Main Menu
=========

1) Device Information
2) Upload ProDOS Image file to MegaFlash
3) Download ProDOS Image file from MegaFlash
4) Erase Flash Content

Please Select:

---------- 2026-08-18 22:05:37 -0400: Disconnected ----------


---------- 2026-08-18 22:31:08 -0400: Connected ----------

Version: 7.95.49 (2271bb6 CY) CRC: b7a28ef3 Date: Mon 2021-11-29 22:50:27 PST Ucode Ver: 1043.2162 FWID 01-c51d9400
cyw43 loaded ok, mac 88:a2:9e:48:22:7a
[u2m] 20696 reset


#     #                          #######
##   ##  ######   ####     ##    #        #         ##     ####   #    #
# # # #  #       #    #   #  #   #        #        #  #   #       #    #
#  #  #  #####   #       #    #  #####    #       #    #   ####   ######
#     #  #       #  ###  ######  #        #       ######       #  #    #
#     #  #       #    #  #    #  #        #       #    #  #    #  #    #
#     #  ######   ####   #    #  #        ######  #    #   ####   #    #

Main Menu
=========

1) Device Information
2) Upload ProDOS Image file to MegaFlash
3) Download ProDOS Image file from MegaFlash
4) Erase Flash Content

Please Select:

---------- 2026-08-18 22:31:09 -0400: Disconnected ----------


---------- 2026-08-21 15:55:20 -0400: Connected ----------

Version: 7.95.49 (2271bb6 CY) CRC: b7a28ef3 Date: Mon 2021-11-29 22:50:27 PST Ucode Ver: 1043.2162 FWID 01-c51d9400
cyw43 loaded ok, mac 88:a2:9e:48:22:7a
[u2m] 20330 reset


#     #                          #######
##   ##  ######   ####     ##    #        #         ##     ####   #    #
# # # #  #       #    #   #  #   #        #        #  #   #       #    #
#  #  #  #####   #       #    #  #####    #       #    #   ####   ######
#     #  #       #  ###  ######  #        #       ######       #  #    #
#     #  #       #    #  #    #  #        #       #    #  #    #  #    #
#     #  ######   ####   #    #  #        ######  #    #   ####   #    #

Main Menu
=========

1) Device Information
2) Upload ProDOS Image file to MegaFlash
3) Download ProDOS Image file from MegaFlash
4) Erase Flash Content

Please Select:

---------- 2026-08-21 15:55:25 -0400: Disconnected ----------


---------- 2026-08-22 08:06:02 -0400: Connected ----------

Version: 7.95.49 (2271bb6 CY) CRC: b7a28ef3 Date: Mon 2021-11-29 22:50:27 PST Ucode Ver: 1043.2162 FWID 01-c51d9400
cyw43 loaded ok, mac 88:a2:9e:48:22:7a
[u2m] 20310 reset


#     #                          #######
##   ##  ######   ####     ##    #        #         ##     ####   #    #
# # # #  #       #    #   #  #   #        #        #  #   #       #    #
#  #  #  #####   #       #    #  #####    #       #    #   ####   ######
#     #  #       #  ###  ######  #        #       ######       #  #    #
#     #  #       #    #  #    #  #        #       #    #  #    #  #    #
#     #  ######   ####   #    #  #        ######  #    #   ####   #    #

Main Menu
=========

1) Device Information
2) Upload ProDOS Image file to MegaFlash
3) Download ProDOS Image file from MegaFlash
4) Erase Flash Content

Please Select:

---------- 2026-08-22 08:06:05 -0400: Disconnected ----------


---------- 2026-08-22 08:12:24 -0400: Connected ----------

Version: 7.95.49 (2271bb6 CY) CRC: b7a28ef3 Date: Mon 2021-11-29 22:50:27 PST Ucode Ver: 1043.2162 FWID 01-c51d9400
cyw43 loaded ok, mac 88:a2:9e:48:22:7a
[u2m] 20652 reset


#     #                          #######
##   ##  ######   ####     ##    #        #         ##     ####   #    #
# # # #  #       #    #   #  #   #        #        #  #   #       #    #
#  #  #  #####   #       #    #  #####    #       #    #   ####   ######
#     #  #       #  ###  ######  #        #       ######       #  #    #
#     #  #       #    #  #    #  #        #       #    #  #    #  #    #
#     #  ######   ####   #    #  #        ######  #    #   ####   #    #

Main Menu
=========

1) Device Information
2) Upload ProDOS Image file to MegaFlash
3) Download ProDOS Image file from MegaFlash
4) Erase Flash Content

Please Select:

---------- 2026-08-22 08:12:26 -0400: Disconnected ----------


---------- 2026-08-22 08:20:20 -0400: Connected ----------

Version: 7.95.49 (2271bb6 CY) CRC: b7a28ef3 Date: Mon 2021-11-29 22:50:27 PST Ucode Ver: 1043.2162 FWID 01-c51d9400
cyw43 loaded ok, mac 88:a2:9e:48:22:7a
[u2m] 20262 reset


#     #                          #######
##   ##  ######   ####     ##    #        #         ##     ####   #    #
# # # #  #       #    #   #  #   #        #        #  #   #       #    #
#  #  #  #####   #       #    #  #####    #       #    #   ####   ######
#     #  #       #  ###  ######  #        #       ######       #  #    #
#     #  #       #    #  #    #  #        #       #    #  #    #  #    #
#     #  ######   ####   #    #  #        ######  #    #   ####   #    #

Main Menu
=========

1) Device Information
2) Upload ProDOS Image file to MegaFlash
3) Download ProDOS Image file from MegaFlash
4) Erase Flash Content

Please Select:

---------- 2026-08-22 08:32:16 -0400: Disconnected ----------


---------- 2026-08-22 08:37:28 -0400: Connected ----------

Version: 7.95.49 (2271bb6 CY) CRC: b7a28ef3 Date: Mon 2021-11-29 22:50:27 PST Ucode Ver: 1043.2162 FWID 01-c51d9400
cyw43 loaded ok, mac 88:a2:9e:48:22:7a
[u2m] 20332 reset


#     #                          #######
##   ##  ######   ####     ##    #        #         ##     ####   #    #
# # # #  #       #    #   #  #   #        #        #  #   #       #    #
#  #  #  #####   #       #    #  #####    #       #    #   ####   ######
#     #  #       #  ###  ######  #        #       ######       #  #    #
#     #  #       #    #  #    #  #        #       #    #  #    #  #    #
#     #  ######   ####   #    #  #        ######  #    #   ####   #    #

Main Menu
=========

1) Device Information
2) Upload ProDOS Image file to MegaFlash
3) Download ProDOS Image file from MegaFlash
4) Erase Flash Content

Please Select:

---------- 2026-08-22 08:37:33 -0400: Disconnected ----------


---------- 2026-08-22 08:42:43 -0400: Connected ----------

Version: 7.95.49 (2271bb6 CY) CRC: b7a28ef3 Date: Mon 2021-11-29 22:50:27 PST Ucode Ver: 1043.2162 FWID 01-c51d9400
cyw43 loaded ok, mac 88:a2:9e:48:22:7a
[u2m] 20477 reset


#     #                          #######
##   ##  ######   ####     ##    #        #         ##     ####   #    #
# # # #  #       #    #   #  #   #        #        #  #   #       #    #
#  #  #  #####   #       #    #  #####    #       #    #   ####   ######
#     #  #       #  ###  ######  #        #       ######       #  #    #
#     #  #       #    #  #    #  #        #       #    #  #    #  #    #
#     #  ######   ####   #    #  #        ######  #    #   ####   #    #

Main Menu
=========

1) Device Information
2) Upload ProDOS Image file to MegaFlash
3) Download ProDOS Image file from MegaFlash
4) Erase Flash Content

Please Select:

---------- 2026-08-22 08:42:47 -0400: Disconnected ----------


---------- 2026-08-22 08:48:39 -0400: Connected ----------

Version: 7.95.49 (2271bb6 CY) CRC: b7a28ef3 Date: Mon 2021-11-29 22:50:27 PST Ucode Ver: 1043.2162 FWID 01-c51d9400
cyw43 loaded ok, mac 88:a2:9e:48:22:7a
[u2m] 20178 reset


#     #                          #######
##   ##  ######   ####     ##    #        #         ##     ####   #    #
# # # #  #       #    #   #  #   #        #        #  #   #       #    #
#  #  #  #####   #       #    #  #####    #       #    #   ####   ######
#     #  #       #  ###  ######  #        #       ######       #  #    #
#     #  #       #    #  #    #  #        #       #    #  #    #  #    #
#     #  ######   ####   #    #  #        ######  #    #   ####   #    #

Main Menu
=========

1) Device Information
2) Upload ProDOS Image file to MegaFlash
3) Download ProDOS Image file from MegaFlash
4) Erase Flash Content

Please Select:

---------- 2026-08-22 08:48:41 -0400: Disconnected ----------



---------- 2026-08-28 19:31:11 -0400: Logging Stopped ----------

