
---------- 2026-05-10 11:42:28 -0400: Logging Started ----------



#     #                          #######
##   ##  ######   ####     ##    #        #         ##     ####   #    #
# # # #  #       #    #   #  #   #        #        #  #   #       #    #
#  #  #  #####   #       #    #  #####    #       #    #   ####   ######
#     #  #       #  ###  ######  #        #       ######       #  #    #
#     #  #       #    #  #    #  #        #       #    #  #    #  #    #
#     #  ######   ####   #    #  #        ######  #    #   ####   #    #

Main Menu
=========

1) Device Information
2) Upload ProDOS Image file to MegaFlash
3) Download ProDOS Image file from MegaFlash
4) Erase Flash Content

Please Select:1

Device Information
==================

Pico Board = Pico 2 RP2350
Wifi Supported = Yes
CPU Speed = 150MHz, SPI Speed = 75.0MHz
MegaFlash Pico Firmware Version = V1.2.1-eo
Firmware build: 2026-04-27 02:11:08 UTC  (1777255868 Unix s)
Pico SDK Version = 2.2.0
Total Flash Capacity = 128MB
Flash Chip #0 JEDEC ID = 204020h
Flash Chip #1 JEDEC ID = 204020h

Partition Information:
Drive Type    Volume Name     Size (Blocks)
  1   Unknown 
  2   Empty   
  3   Empty   
  4   Empty   

Press any key to continue...


#     #                          #######
##   ##  ######   ####     ##    #        #         ##     ####   #    #
# # # #  #       #    #   #  #   #        #        #  #   #       #    #
#  #  #  #####   #       #    #  #####    #       #    #   ####   ######
#     #  #       #  ###  ######  #        #       ######       #  #    #
#     #  #       #    #  #    #  #        #       #    #  #    #  #    #
#     #  ######   ####   #    #  #        ######  #    #   ####   #    #

Main Menu
=========

1) Device Information
2) Upload ProDOS Image file to MegaFlash
3) Download ProDOS Image file from MegaFlash
4) Erase Flash Content

Please Select:2

Upload ProDOS Image
===================

A ProDOS order disk image (.po/.hdv) can be uploaded to MegaFlash and
written to a drive with XMODEM-CRC protocol.

Partition Information:
Drive Type    Volume Name     Size (Blocks)
  1   Unknown 
  2   Empty   
  3   Empty   
  4   Empty   

Please enter drive number (1-4), Ctrl-C to abort:1

Current:
Drive  = 1
Type   = Unknown

WARNING: All data stored in the drive will be destroyed.
Type CONFIRM to proceed, Ctrl-C to abort: confirm

You are ready to upload ProDOS image file to drive 1.
Please start upload using XModem-1k or XModem/CRC protocol
within 90 seconds. Type Ctrl-C to abort.
CCCCCCCCCCCCCCCCCCC

---------- 2026-05-10 11:56:42 -0400: Disconnected ----------


---------- 2026-05-10 11:57:19 -0400: Connected ----------



#     #                          #######
##   ##  ######   ####     ##    #        #         ##     ####   #    #
# # # #  #       #    #   #  #   #        #        #  #   #       #    #
#  #  #  #####   #       #    #  #####    #       #    #   ####   ######
#     #  #       #  ###  ######  #        #       ######       #  #    #
#     #  #       #    #  #    #  #        #       #    #  #    #  #    #
#     #  ######   ####   #    #  #        ######  #    #   ####   #    #

Main Menu
=========

1) Device Information
2) Upload ProDOS Image file to MegaFlash
3) Download ProDOS Image file from MegaFlash
4) Erase Flash Content

Please Select:1

Device Information
==================

Pico Board = Pico 2 RP2350
Wifi Supported = Yes
CPU Speed = 150MHz, SPI Speed = 75.0MHz
MegaFlash Pico Firmware Version = V1.2.1-eo
Firmware build: 2026-04-27 02:11:08 UTC  (1777255868 Unix s)
Pico SDK Version = 2.2.0
Total Flash Capacity = 128MB
Flash Chip #0 JEDEC ID = 204020h
Flash Chip #1 JEDEC ID = 204020h

Partition Information:
Drive Type    Volume Name     Size (Blocks)
  1   Empty   
  2   Empty   
  3   Empty   
  4   Empty   

Press any key to continue...


#     #                          #######
##   ##  ######   ####     ##    #        #         ##     ####   #    #
# # # #  #       #    #   #  #   #        #        #  #   #       #    #
#  #  #  #####   #       #    #  #####    #       #    #   ####   ######
#     #  #       #  ###  ######  #        #       ######       #  #    #
#     #  #       #    #  #    #  #        #       #    #  #    #  #    #
#     #  ######   ####   #    #  #        ######  #    #   ####   #    #

Main Menu
=========

1) Device Information
2) Upload ProDOS Image file to MegaFlash
3) Download ProDOS Image file from MegaFlash
4) Erase Flash Content

Please Select:2

Upload ProDOS Image
===================

A ProDOS order disk image (.po/.hdv) can be uploaded to MegaFlash and
written to a drive with XMODEM-CRC protocol.

Partition Information:
Drive Type    Volume Name     Size (Blocks)
  1   Empty   
  2   Empty   
  3   Empty   
  4   Empty   

Please enter drive number (1-4), Ctrl-C to abort:3

Current:
Drive  = 3
Type   = Empty

WARNING: All data stored in the drive will be destroyed.
Type CONFIRM to proceed, Ctrl-C to abort: confirm

You are ready to upload ProDOS image file to drive 3.
Please start upload using XModem-1k or XModem/CRC protocol
within 90 seconds. Type Ctrl-C to abort.
CC

---------- 2026-05-10 13:21:19 -0400: Disconnected ----------



---------- 2026-05-22 20:37:46 -0400: Logging Stopped ----------

