
---------- 2026-06-26 21:18:37 -0400: Logging Started ----------

[u2] init
[u2m] U2 activity monitor on (UART 115200); bus+socket+net events; ring=256 flush<=128/call
[u2] ip65 debug: U2_IP65_CHECKPOINT=0 (0=off; 1..5=bisect; cmake -DU2_IP65_CHECKPOINT=n)

Megaflash DEBUG Firmware Version 33 (V1.2.1-eo)
Firmware build: 2026-06-21 22:36:52 UTC  (1782081412 Unix s)
CPU Clock Speed =150MHz
clk_peri =150MHz
SPI Speed = 75MHz
WIFI Supported = Yes
Total heap = 148328
Free heap  = 147216
Version: 7.95.49 (2271bb6 CY) CRC: b7a28ef3 Date: Mon 2021-11-29 22:50:27 PST Ucode Ver: 1043.2162 FWID 01-c51d9400
cyw43 loaded ok, mac 88:a2:9e:48:22:7a
[u2m] 14974 reset
GetNetworkTime()
NETPUMP: begin op=1 label=NTP taskid=0
API: 12.2
Data: RaspberryPi.PicoW
Compiler: 1.29.4
ClmImport: 1.47.1
Customization: v5 22/06/24
Creation: 2022-06-24 06:55:08

SSID=OIS-new

Connecting to Wifi Attempt:#1
connect status: 1
connect status: 2
connect status: 3
link_status=3
WIFI connected
IP address: 192.168.0.203
Gateway: 192.168.0.1
Netmask: 255.255.255.0
DNS Server: 192.168.0.1
CreateUdpPcb() pcb = 0x200115b0
NTP: EvtStart()
DNSLooup(): waiting for callback
NTP: EvtDNSResult dnserr=0
EvtDNSResult(): IP Addr = 172.238.164.57
Sending NTP Request Attempt: #1
NTP: EvtUDPReceived len=48 port=123
NTP: Valid response: mode=0x04 stratum=4
NTP: unix epoch = 1782523138
NETPUMP: end op=1 label=NTP taskid=0
GetNTP err=11 (11=NETERR_NONE)
[u2m] 29105383 sock0 OPEN mr=0x44 port=0 ok
[u2m] 29117318 sock0 SEND
[u2m] 29117336 net sock0 MACRAW ptrs len=292 rd=0x0000 wr=0x0124 rdm=0x00 wrm=0x24
[u2m] 29117367 net sock0 MACRAW tx len=292
[u2m] 29138890 net sock0 MACRAW tx len=292
[u2m] 29187504 sock0 SEND
[u2m] 29187516 net sock0 MACRAW ptrs len=292 rd=0x0124 wr=0x0248 rdm=0x24 wrm=0x48
[u2m] 29187545 net sock0 MACRAW tx len=292
[u2m] 29207711 net sock0 MACRAW tx len=292
[u2m] 29322562 sock0 SEND
[u2m] 29322572 net sock0 MACRAW ptrs len=292 rd=0x0248 wr=0x036C rdm=0x48 wrm=0x6C
[u2m] 29322603 net sock0 MACRAW tx len=292
[u2m] 29372565 net sock0 MACRAW tx len=292
[u2m] 29437338 net sock0 MACRAW rx len=60
[u2m] 29453012 sock0 RECV
[u2m] 29515054 sock0 SEND
[u2m] 29515064 net sock0 MACRAW ptrs len=292 rd=0x036C wr=0x0490 rdm=0x6C wrm=0x90
[u2m] 29515094 net sock0 MACRAW tx len=292
[u2m] 29538861 net sock0 MACRAW tx len=292
[u2m] 29603685 net sock0 MACRAW rx len=78
[u2m] 29613109 sock0 RECV
[u2m] 29655241 net sock0 MACRAW rx len=78
[u2m] 29670828 sock0 RECV
[u2m] 29759351 net sock0 MACRAW rx len=754
[u2m] 29764914 sock0 RECV
[u2m] 29778432 sock0 SEND
[u2m] 29778444 net sock0 MACRAW ptrs len=292 rd=0x0490 wr=0x05B4 rdm=0x90 wrm=0xB4
[u2m] 29778475 net sock0 MACRAW tx len=292
[u2m] 29810834 net sock0 MACRAW tx len=292
[u2m] 30078230 net sock0 MACRAW rx len=870
[u2m] 30084135 sock0 RECV
[u2m] 30105796 sock0 SEND
[u2m] 30105806 net sock0 MACRAW ptrs len=292 rd=0x05B4 wr=0x06D8 rdm=0xB4 wrm=0xD8
[u2m] 30105836 net sock0 MACRAW tx len=292
[u2m] 30129746 net sock0 MACRAW tx len=292
[u2m] 30346940 net sock0 MACRAW rx len=342
[u2m] 30351580 sock0 RECV
[u2m] 30357390 sock0 SEND
[u2m] 30357399 net sock0 MACRAW ptrs len=298 rd=0x06D8 wr=0x0802 rdm=0xD8 wrm=0x02
[u2m] 30357430 net sock0 MACRAW tx len=298
[u2m] 30398413 net sock0 MACRAW tx len=298
[u2m] 30398698 net sock0 MACRAW rx len=757
[u2m] 30410769 sock0 RECV
[u2m] 30672207 net sock0 MACRAW rx len=78
[u2m] 30695856 sock0 RECV
[u2m] 31924152 net sock0 MACRAW rx len=63
[u2m] 31924304 net sock0 MACRAW rx len=63
[u2m] 34079742 net sock0 MACRAW rx len=60
[u2m] 36231469 net sock0 MACRAW rx len=63
[u2m] 36231605 net sock0 MACRAW rx len=63
[u2m] 36486641 net sock0 MACRAW rx len=60
[u2m] 36838016 net sock0 MACRAW rx len=63
[u2m] 36838155 net sock0 MACRAW rx len=63
[u2m] 39593780 net sock0 MACRAW rx len=117
[u2m] 40495376 net sock0 MACRAW rx len=60
[u2m] 41096840 net sock0 MACRAW rx len=63
[u2m] 41096978 net sock0 MACRAW rx len=63
[u2m] 41752114 net sock0 MACRAW rx len=63
[u2m] 41752256 net sock0 MACRAW rx len=63
[u2m] 42357397 net sock0 MACRAW rx len=60
[u2m] 45109333 net sock0 MACRAW rx len=92
[u2m] 46360922 net sock0 MACRAW rx len=63
[u2m] 46361062 net sock0 MACRAW rx len=63
[u2m] 46361166 net sock0 MACRAW rx len=60
[u2m] 46669986 net sock0 MACRAW rx len=63
[u2m] 46670122 net sock0 MACRAW rx len=63
[u2m] 48775516 net sock0 MACRAW rx len=60
[u2m] 50327142 net sock0 MACRAW rx len=60
[u2m] 51278659 net sock0 MACRAW rx len=63
[u2m] 51278802 net sock0 MACRAW rx len=63
[u2m] 51583871 net sock0 MACRAW rx len=60
[u2m] 51885214 net sock0 MACRAW rx len=63
[u2m] 51885352 net sock0 MACRAW rx len=63
[u2m] 53440260 sock0 SEND
[u2m] 53440275 net sock0 MACRAW ptrs len=42 rd=0x0802 wr=0x082C rdm=0x02 wrm=0x2C
[u2m] 53440285 net sock0 MACRAW tx len=42
[u2m] 53440680 net sock0 MACRAW tx len=42
[u2m] 53457034 sock0 RECV
[u2m] 53465982 sock0 RECV
[u2m] 53474859 sock0 RECV
[u2m] 53483510 sock0 RECV
[u2m] 53492398 sock0 RECV
[u2m] 53501275 sock0 RECV
[u2m] 53518004 sock0 RECV
[u2m] 53526891 sock0 RECV
[u2m] 53536097 sock0 RECV
[u2m] 53544966 sock0 RECV
[u2m] 53553614 sock0 RECV
[u2m] 53562503 sock0 RECV
[u2m] 53571397 sock0 RECV
[u2m] 53589447 sock0 SEND
[u2m] 53589459 net sock0 MACRAW ptrs len=42 rd=0x082C wr=0x0856 rdm=0x2C wrm=0x56
[u2m] 53589468 net sock0 MACRAW tx len=42
[u2m] 53606163 sock0 RECV
[u2m] 53615066 sock0 RECV
[u2m] 53623982 sock0 RECV
[u2m] 53630202 net sock0 MACRAW tx len=42
[u2m] 53632869 sock0 RECV
[u2m] 53649831 sock0 RECV
[u2m] 53658712 sock0 RECV
[u2m] 53667359 sock0 RECV
[u2m] 53676247 sock0 RECV
[u2m] 53685124 sock0 RECV
[u2m] 53693755 sock0 RECV
[u2m] 53702394 sock0 RECV
[u2m] 53720442 sock0 SEND
[u2m] 53720451 net sock0 MACRAW ptrs len=42 rd=0x0856 wr=0x0880 rdm=0x56 wrm=0x80
[u2m] 53720460 net sock0 MACRAW tx len=42
[u2m] 53737142 sock0 RECV
[u2m] 53746042 sock0 RECV
[u2m] 53754694 sock0 RECV
[u2m] 53763581 sock0 RECV
[u2m] 53767723 net sock0 MACRAW tx len=42
[u2m] 53911595 sock0 SEND
[u2m] 53911604 net sock0 MACRAW ptrs len=42 rd=0x0880 wr=0x08AA rdm=0x80 wrm=0xAA
[u2m] 53911614 net sock0 MACRAW tx len=42
[u2m] 53941621 net sock0 MACRAW tx len=42
[u2m] 54173009 sock0 SEND
[u2m] 54173020 net sock0 MACRAW ptrs len=42 rd=0x08AA wr=0x08D4 rdm=0xAA wrm=0xD4
[u2m] 54173029 net sock0 MACRAW tx len=42
[u2m] 54206206 net sock0 MACRAW tx len=42
[u2m] 54483161 sock0 SEND
[u2m] 54483170 net sock0 MACRAW ptrs len=42 rd=0x08D4 wr=0x08FE rdm=0xD4 wrm=0xFE
[u2m] 54483180 net sock0 MACRAW tx len=42
[u2m] 54520751 net sock0 MACRAW tx len=42
[u2m] 54866426 sock0 SEND
[u2m] 54866436 net sock0 MACRAW ptrs len=42 rd=0x08FE wr=0x0928 rdm=0xFE wrm=0x28
[u2m] 54866445 net sock0 MACRAW tx len=42
[u2m] 54885339 net sock0 MACRAW tx len=42
[u2m] 55306551 sock0 SEND
[u2m] 55306561 net sock0 MACRAW ptrs len=42 rd=0x0928 wr=0x0952 rdm=0x28 wrm=0x52
[u2m] 55306570 net sock0 MACRAW tx len=42
[u2m] 55349964 net sock0 MACRAW tx len=42
[u2m] 56164686 net sock0 MACRAW rx len=63
[u2m] 56164838 net sock0 MACRAW rx len=63
[u2m] 56469891 net sock0 MACRAW rx len=60
[u2m] 56771278 net sock0 MACRAW rx len=63
[u2m] 56771417 net sock0 MACRAW rx len=63
[u2m] 61077192 net sock0 MACRAW rx len=63
[u2m] 61077330 net sock0 MACRAW rx len=63
[u2m] 61682474 net sock0 MACRAW rx len=63
[u2m] 61682611 net sock0 MACRAW rx len=63
[u2m] 62337748 net sock0 MACRAW rx len=60
[u2m] 62939171 net sock0 MACRAW rx len=60
[u2m] 63032991 sock0 RECV
[u2m] 63041916 sock0 RECV
[u2m] 63050791 sock0 RECV
[u2m] 63059442 sock0 RECV
[u2m] 63076399 sock0 RECV
[u2m] 63085294 sock0 RECV
[u2m] 63094189 sock0 RECV
[u2m] 63103086 sock0 RECV
[u2m] 63111979 sock0 RECV
[u2m] 63120857 sock0 RECV
[u2m] 63129487 sock0 RECV
[u2m] 63147268 sock0 SEND
[u2m] 63147278 net sock0 MACRAW ptrs len=42 rd=0x0952 wr=0x097C rdm=0x52 wrm=0x7C
[u2m] 63147288 net sock0 MACRAW tx len=42
[u2m] 63151993 net sock0 MACRAW tx len=42
[u2m] 63270585 sock0 SEND
[u2m] 63270594 net sock0 MACRAW ptrs len=42 rd=0x097C wr=0x09A6 rdm=0x7C wrm=0xA6
[u2m] 63270603 net sock0 MACRAW tx len=42
[u2m] 63275888 net sock0 MACRAW tx len=42
[u2m] 63458882 sock0 SEND
[u2m] 63458891 net sock0 MACRAW ptrs len=42 rd=0x09A6 wr=0x09D0 rdm=0xA6 wrm=0xD0
[u2m] 63458900 net sock0 MACRAW tx len=42
[u2m] 63490399 net sock0 MACRAW tx len=42
[u2m] 63712170 sock0 SEND
[u2m] 63712180 net sock0 MACRAW ptrs len=42 rd=0x09D0 wr=0x09FA rdm=0xD0 wrm=0xFA
[u2m] 63712189 net sock0 MACRAW tx len=42
[u2m] 63754970 net sock0 MACRAW tx len=42
[u2m] 64030443 sock0 SEND
[u2m] 64030453 net sock0 MACRAW ptrs len=42 rd=0x09FA wr=0x0A24 rdm=0xFA wrm=0x24
[u2m] 64030463 net sock0 MACRAW tx len=42
[u2m] 64069501 net sock0 MACRAW tx len=42
[u2m] 64413705 sock0 SEND
[u2m] 64413715 net sock0 MACRAW ptrs len=42 rd=0x0A24 wr=0x0A4E rdm=0x24 wrm=0x4E
[u2m] 64413725 net sock0 MACRAW tx len=42
[u2m] 64434112 net sock0 MACRAW tx len=42
[u2m] 64498615 net sock0 MACRAW rx len=60
[u2m] 64503502 sock0 RECV
[u2m] 64854345 sock0 SEND
[u2m] 64854355 net sock0 MACRAW ptrs len=42 rd=0x0A4E wr=0x0A78 rdm=0x4E wrm=0x78
[u2m] 64854365 net sock0 MACRAW tx len=42
[u2m] 64900196 net sock0 MACRAW tx len=42
[u2m] 66315049 net sock0 MACRAW rx len=63
[u2m] 66315200 net sock0 MACRAW rx len=63
[u2m] 66315303 net sock0 MACRAW rx len=60
[u2m] 66924191 net sock0 MACRAW rx len=63
[u2m] 66924331 net sock0 MACRAW rx len=63
[u2m] 69379810 net sock0 MACRAW rx len=60
[u2m] 71231496 net sock0 MACRAW rx len=63
[u2m] 71231634 net sock0 MACRAW rx len=63
[u2m] 71836766 net sock0 MACRAW rx len=63
[u2m] 71836900 net sock0 MACRAW rx len=63
[u2m] 72442036 net sock0 MACRAW rx len=60
[u2m] 76144149 net sock0 MACRAW rx len=63
[u2m] 76144311 net sock0 MACRAW rx len=63
[u2m] 76749568 net sock0 MACRAW rx len=63
[u2m] 76749734 net sock0 MACRAW rx len=63
[u2m] 78005056 net sock0 MACRAW rx len=60
[u2m] 78906625 net sock0 MACRAW rx len=60
[u2m] 80458304 net sock0 MACRAW rx len=60
[u2m] 80759697 net sock0 MACRAW rx len=60
[u2m] 81361159 net sock0 MACRAW rx len=63
[u2m] 81361307 net sock0 MACRAW rx len=63
[u2m] 81666410 net sock0 MACRAW rx len=63
[u2m] 81666548 net sock0 MACRAW rx len=63
[u2m] 82571775 net sock0 MACRAW rx len=60
[u2m] 86273907 net sock0 MACRAW rx len=63
[u2m] 86274062 net sock0 MACRAW rx len=63
[u2m] 86274166 net sock0 MACRAW rx len=60
[u2m] 86883110 net sock0 MACRAW rx len=63
[u2m] 86883261 net sock0 MACRAW rx len=63
[u2m] 91289276 net sock0 MACRAW rx len=63
[u2m] 91289430 net sock0 MACRAW rx len=63
[u2m] 91289529 net sock0 MACRAW rx len=60
[u2m] 91898494 net sock0 MACRAW rx len=63
[u2m] 91898648 net sock0 MACRAW rx len=63
[u2m] 94654503 net sock0 MACRAW rx len=60
[u2m] 96206283 net sock0 MACRAW rx len=63
[u2m] 96206433 net sock0 MACRAW rx len=63
[u2m] 96811628 net sock0 MACRAW rx len=63
[u2m] 96811776 net sock0 MACRAW rx len=63
[u2m] 97767071 net sock0 MACRAW rx len=60
[u2m] 99568902 net sock0 MACRAW rx len=117
[u2m] 101120733 net sock0 MACRAW rx len=63
[u2m] 101120883 net sock0 MACRAW rx len=63
[u2m] 101426146 net sock0 MACRAW rx len=60
[u2m] 101777677 net sock0 MACRAW rx len=63
[u2m] 101777838 net sock0 MACRAW rx len=63
[u2m] 103583545 net sock0 MACRAW rx len=60
[u2m] 104638716 sock0 OPEN mr=0x44 port=0 ok
[u2m] 104728715 sock0 RECV
[u2m] 104969902 sock0 RECV
[u2m] 104983024 sock0 RECV
[u2m] 104995517 sock0 RECV
[u2m] 105008261 sock0 RECV
[u2m] 105020961 sock0 RECV
[u2m] 105030635 sock0 RECV
[u2m] 105043380 sock0 RECV
[u2m] 105056124 sock0 RECV
[u2m] 105067670 sock0 RECV
[u2m] 105080370 sock0 RECV
[u2m] 105091242 sock0 RECV
[u2m] 105103987 sock0 RECV
[u2m] 105115534 sock0 RECV
[u2m] 105128277 sock0 RECV
[u2m] 105140977 sock0 RECV
[u2m] 105150607 sock0 RECV
[u2m] 105161435 sock0 RECV
[u2m] 105172263 sock0 RECV
[u2m] 105181936 sock0 RECV
[u2m] 105194680 sock0 RECV
[u2m] 105207425 sock0 RECV
[u2m] 105220170 sock0 RECV
[u2m] 105231672 sock0 RECV
[u2m] 105242543 sock0 RECV
[u2m] 105255287 sock0 RECV
[u2m] 105266790 sock0 RECV
[u2m] 105277662 sock0 RECV
[u2m] 105290406 sock0 RECV
[u2m] 105301952 sock0 RECV
[u2m] 105314696 sock0 RECV
[u2m] 105327397 sock0 RECV
[u2m] 105338269 sock0 RECV
[u2m] 105349815 sock0 RECV
[u2m] 105362515 sock0 RECV
[u2m] 105373387 sock0 RECV
[u2m] 105384933 sock0 RECV
[u2m] 105397678 sock0 RECV
[u2m] 105410422 sock0 RECV
[u2m] 105423260 sock0 RECV
[u2m] 105433622 sock0 RECV
[u2m] 105446346 sock0 RECV
[u2m] 105459091 sock0 RECV
[u2m] 105471791 sock0 RECV
[u2m] 105481465 sock0 RECV
[u2m] 105494209 sock0 RECV
[u2m] 105506909 sock0 RECV
[u2m] 105721139 net sock0 MACRAW rx len=60
[u2m] 105728335 sock0 RECV
[u2m] 106322827 net sock0 MACRAW rx len=63
[u2m] 106322987 net sock0 MACRAW rx len=63
[u2m] 106330506 sock0 RECV
[u2m] 106343264 sock0 RECV
[u2m] 106630369 net sock0 MACRAW rx len=63
[u2m] 106630514 net sock0 MACRAW rx len=63
[u2m] 106638844 sock0 RECV
[u2m] 106649744 sock0 RECV
[u2m] 110638560 net sock0 MACRAW rx len=60
[u2m] 110641974 sock0 RECV
[u2m] 110940157 net sock0 MACRAW rx len=60
[u2m] 110940298 net sock0 MACRAW rx len=60
[u2m] 110945755 sock0 RECV
[u2m] 110956617 sock0 RECV
[u2m] 111247669 net sock0 MACRAW rx len=63
[u2m] 111247813 net sock0 MACRAW rx len=63
[u2m] 111261516 sock0 RECV
[u2m] 111280475 sock0 RECV
[u2m] 111855232 net sock0 MACRAW rx len=63
[u2m] 111855372 net sock0 MACRAW rx len=63
[u2m] 111864607 sock0 RECV
[u2m] 111880088 sock0 RECV
[u2m] 111916167 sock0 SEND
[u2m] 111916178 net sock0 MACRAW ptrs len=291 rd=0x0A78 wr=0x0B9B rdm=0x78 wrm=0x9B
[u2m] 111916208 net sock0 MACRAW tx len=291
[u2m] 111962709 net sock0 MACRAW tx len=291
[u2m] 112177988 net sock0 MACRAW rx len=342
[u2m] 112178224 net sock0 MACRAW rx len=342
[u2m] 112178387 net sock0 MACRAW rx len=342
[u2m] 112178541 net sock0 MACRAW rx len=342
[u2m] 112186088 sock0 RECV
[u2m] 112215170 sock0 SEND
[u2m] 112215181 net sock0 MACRAW ptrs len=298 rd=0x0B9B wr=0x0CC5 rdm=0x9B wrm=0xC5
[u2m] 112215211 net sock0 MACRAW tx len=298
[u2m] 112230037 sock0 RECV
[u2m] 112244186 net sock0 MACRAW tx len=298
[u2m] 112251819 sock0 RECV
[u2m] 112273599 sock0 RECV
[u2m] 112514382 net sock0 MACRAW rx len=346
[u2m] 112514609 net sock0 MACRAW rx len=346
[u2m] 112514780 net sock0 MACRAW rx len=346
[u2m] 112514933 net sock0 MACRAW rx len=346
[u2m] 112523741 sock0 RECV
[u2m] 112680684 sock0 RECV
[u2m] 112697558 sock0 RECV
[u2m] 112714435 sock0 RECV
[u2m] 113735392 net sock0 MACRAW rx len=60
[u2m] 113745901 sock0 RECV
[u2m] 115237274 net sock0 MACRAW rx len=60
[u2m] 115288672 net sock0 MACRAW rx len=20
[u2m] 116490490 net sock0 MACRAW rx len=60
[u2m] 116791972 net sock0 MACRAW rx len=63
[u2m] 116792126 net sock0 MACRAW rx len=63
[u2m] 117397532 net sock0 MACRAW rx len=20
[u2m] 118649232 net sock0 MACRAW rx len=60
[u2m] 120501050 net sock0 MACRAW rx len=60
[u2m] 121702781 net sock0 MACRAW rx len=63
[u2m] 121702934 net sock0 MACRAW rx len=63
[u2m] 122958405 net sock0 MACRAW rx len=60
[u2m] 123860000 net sock0 MACRAW rx len=60
[u2m] 126311954 net sock0 MACRAW rx len=63
[u2m] 126312112 net sock0 MACRAW rx len=63
[u2m] 126312212 net sock0 MACRAW rx len=60
[u2m] 126921385 net sock0 MACRAW rx len=63
[u2m] 126921528 net sock0 MACRAW rx len=63
[u2m] 127826938 net sock0 MACRAW rx len=60
[u2m] 131229255 net sock0 MACRAW rx len=63
[u2m] 131229411 net sock0 MACRAW rx len=63
[u2m] 131229515 net sock0 MACRAW rx len=60
[u2m] 131838738 net sock0 MACRAW rx len=63
[u2m] 131838889 net sock0 MACRAW rx len=63
[u2m] 132794376 net sock0 MACRAW rx len=60
[u2m] 134919296 sock0 OPEN mr=0x44 port=0 ok
[u2m] 134971366 sock0 RECV
[u2m] 135661350 sock0 RECV
[u2m] 135670927 sock0 RECV
[u2m] 135681852 sock0 RECV
[u2m] 135694649 sock0 RECV
[u2m] 135705616 sock0 RECV
[u2m] 135716393 sock0 RECV
[u2m] 135727275 sock0 RECV
[u2m] 135737000 sock0 RECV
[u2m] 135749797 sock0 RECV
[u2m] 135762551 sock0 RECV
[u2m] 135772232 sock0 RECV
[u2m] 135783156 sock0 RECV
[u2m] 135795953 sock0 RECV
[u2m] 135807506 sock0 RECV
[u2m] 135818432 sock0 RECV
[u2m] 135831229 sock0 RECV
[u2m] 135843982 sock0 RECV
[u2m] 135853707 sock0 RECV
[u2m] 135866504 sock0 RECV
[u2m] 135879258 sock0 RECV
[u2m] 135888983 sock0 RECV
[u2m] 135901779 sock0 RECV
[u2m] 135914532 sock0 RECV
[u2m] 136140205 net sock0 MACRAW rx len=63
[u2m] 136140372 net sock0 MACRAW rx len=63
[u2m] 136146424 sock0 RECV
[u2m] 136158018 sock0 RECV
[u2m] 136447739 net sock0 MACRAW rx len=60
[u2m] 136451843 sock0 RECV
[u2m] 136749359 net sock0 MACRAW rx len=63
[u2m] 136749509 net sock0 MACRAW rx len=63
[u2m] 136751722 sock0 RECV
[u2m] 136764516 sock0 RECV
[u2m] 137657447 net sock0 MACRAW rx len=92
[u2m] 137657596 net sock0 MACRAW rx len=92
[u2m] 137657697 net sock0 MACRAW rx len=92
[u2m] 137664551 sock0 RECV
[u2m] 137675928 sock0 RECV
[u2m] 137688506 sock0 RECV
[u2m] 137719086 net sock0 MACRAW rx len=92
[u2m] 137724047 sock0 RECV
[u2m] 138027805 net sock0 MACRAW rx len=92
[u2m] 138027954 net sock0 MACRAW rx len=92
[u2m] 138028057 net sock0 MACRAW rx len=92
[u2m] 138028156 net sock0 MACRAW rx len=92
[u2m] 138028253 net sock0 MACRAW rx len=92
[u2m] 138033871 sock0 RECV
[u2m] 138046447 sock0 RECV
[u2m] 138057826 sock0 RECV
[u2m] 138070403 sock0 RECV
[u2m] 138082982 sock0 RECV
[u2m] 138304399 net sock0 MACRAW rx len=92
[u2m] 138304541 net sock0 MACRAW rx len=92
[u2m] 138304647 net sock0 MACRAW rx len=92
[u2m] 138304747 net sock0 MACRAW rx len=92
[u2m] 138314285 sock0 RECV
[u2m] 138325662 sock0 RECV
[u2m] 138338239 sock0 RECV
[u2m] 138350818 sock0 RECV
[u2m] 139224723 net sock0 MACRAW rx len=92
[u2m] 139224873 net sock0 MACRAW rx len=92
[u2m] 139224981 net sock0 MACRAW rx len=92
[u2m] 139229783 sock0 RECV
[u2m] 139242361 sock0 RECV
[u2m] 139254938 sock0 RECV
[u2m] 139286374 net sock0 MACRAW rx len=92
[u2m] 139286520 net sock0 MACRAW rx len=92
[u2m] 139286625 net sock0 MACRAW rx len=92
[u2m] 139286724 net sock0 MACRAW rx len=92
[u2m] 139290500 sock0 RECV
[u2m] 139303076 sock0 RECV
[u2m] 139315656 sock0 RECV
[u2m] 139327032 sock0 RECV
[u2m] 139511392 net sock0 MACRAW rx len=92
[u2m] 139511537 net sock0 MACRAW rx len=92
[u2m] 139519651 sock0 RECV
[u2m] 139532227 sock0 RECV
[u2m] 140119003 net sock0 MACRAW rx len=92
[u2m] 140119146 net sock0 MACRAW rx len=92
[u2m] 140119250 net sock0 MACRAW rx len=92
[u2m] 140122404 sock0 RECV
[u2m] 140134980 sock0 RECV
[u2m] 140146495 sock0 RECV
[u2m] 140432819 net sock0 MACRAW rx len=92
[u2m] 140440533 sock0 RECV
[u2m] 141384554 net sock0 MACRAW rx len=63
[u2m] 141384698 net sock0 MACRAW rx len=63
[u2m] 141384797 net sock0 MACRAW rx len=60
[u2m] 141384915 net sock0 MACRAW rx len=60
[u2m] 141385012 net sock0 MACRAW rx len=60
[u2m] 141390370 sock0 RECV
[u2m] 141402520 sock0 RECV
[u2m] 141413430 sock0 RECV
[u2m] 141423664 sock0 RECV
[u2m] 141432700 sock0 RECV
[u2m] 141711125 net sock0 MACRAW rx len=63
[u2m] 141711263 net sock0 MACRAW rx len=63
[u2m] 141720883 sock0 RECV
[u2m] 141731832 sock0 RECV
[u2m] 141968573 net sock0 MACRAW rx len=110
[u2m] 141971293 sock0 RECV
[u2m] 142620362 net sock0 MACRAW rx len=240
[u2m] 142620523 net sock0 MACRAW rx len=240
[u2m] 142629084 sock0 RECV
[u2m] 142643798 sock0 RECV
[u2m] 143228146 net sock0 MACRAW rx len=110
[u2m] 143234983 sock0 RECV
[u2m] 145080148 net sock0 MACRAW rx len=110
[u2m] 145089714 sock0 RECV
[u2m] 145681897 net sock0 MACRAW rx len=60
[u2m] 145685401 sock0 RECV
[u2m] 146283591 net sock0 MACRAW rx len=63
[u2m] 146283728 net sock0 MACRAW rx len=63
[u2m] 146292869 sock0 RECV
[u2m] 146303818 sock0 RECV
[u2m] 147191218 net sock0 MACRAW rx len=60
[u2m] 147199276 sock0 RECV
[u2m] 149943331 net sock0 MACRAW rx len=60
[u2m] 149947339 sock0 RECV
[u2m] 150895091 net sock0 MACRAW rx len=60
[u2m] 150901789 sock0 RECV
[u2m] 151196717 net sock0 MACRAW rx len=63
[u2m] 151196862 net sock0 MACRAW rx len=63
[u2m] 151199700 sock0 RECV
[u2m] 151210638 sock0 RECV
[u2m] 153955200 net sock0 MACRAW rx len=60
[u2m] 154010405 sock0 RECV
[u2m] 156407271 net sock0 MACRAW rx len=60
[u2m] 156463748 sock0 RECV
[u2m] 156708895 net sock0 MACRAW rx len=63
[u2m] 156709037 net sock0 MACRAW rx len=63
[u2m] 156714713 sock0 RECV
[u2m] 156726812 sock0 RECV
[u2m] 158234470 sock0 SEND
[u2m] 158234481 net sock0 MACRAW ptrs len=42 rd=0x0CC5 wr=0x0CEF rdm=0xC5 wrm=0xEF
[u2m] 158234491 net sock0 MACRAW tx len=42
[u2m] 158266663 net sock0 MACRAW tx len=42
[u2m] 158331526 net sock0 MACRAW rx len=60
[u2m] 158331668 net sock0 MACRAW rx len=60
[u2m] 158331766 net sock0 MACRAW rx len=60
[u2m] 158331855 net sock0 MACRAW rx len=60
[u2m] 158332874 sock0 RECV
[u2m] 158348325 sock0 RECV
[u2m] 158360481 sock0 RECV
[u2m] 158371474 sock0 RECV
[u2m] 158446009 sock0 SEND
[u2m] 158446020 net sock0 MACRAW ptrs len=72 rd=0x0CEF wr=0x0D37 rdm=0xEF wrm=0x37
[u2m] 158446032 net sock0 MACRAW tx len=72
[u2m] 158451619 net sock0 MACRAW tx len=72
[u2m] 158566557 net sock0 MACRAW rx len=88
[u2m] 158578691 sock0 RECV
[u2m] 158697009 sock0 SEND
[u2m] 158697021 net sock0 MACRAW ptrs len=58 rd=0x0D37 wr=0x0D71 rdm=0x37 wrm=0x71
[u2m] 158697033 net sock0 MACRAW tx len=58
[u2m] 158718340 net sock0 MACRAW tx len=58
[u2m] 158783211 net sock0 MACRAW rx len=58
[u2m] 158785401 sock0 RECV
[u2m] 158884987 net sock0 MACRAW rx len=60
[u2m] 159098727 sock0 SEND
[u2m] 159098740 net sock0 MACRAW ptrs len=167 rd=0x0D71 wr=0x0E18 rdm=0x71 wrm=0x18
[u2m] 159098761 net sock0 MACRAW tx len=167
[u2m] 159136506 net sock0 MACRAW tx len=167
[u2m] 159138814 sock0 RECV
[u2m] 159204069 net sock0 MACRAW rx len=243
[u2m] 159204248 net sock0 MACRAW rx len=54
[u2m] 159217343 sock0 RECV
[u2m] 159230600 sock0 RECV
[u2m] 159511728 net sock0 MACRAW rx len=117
[u2m] 159521783 sock0 RECV
[u2m] 161313750 net sock0 MACRAW rx len=63
[u2m] 161318482 sock0 RECV
[u2m] 161365123 net sock0 MACRAW rx len=63
[u2m] 161365264 net sock0 MACRAW rx len=60
[u2m] 161369111 sock0 RECV
[u2m] 161381169 sock0 RECV
[u2m] 161625546 net sock0 MACRAW rx len=63
[u2m] 161625687 net sock0 MACRAW rx len=63
[u2m] 161632136 sock0 RECV
[u2m] 161644235 sock0 RECV
[u2m] 161933012 net sock0 MACRAW rx len=60
[u2m] 161935573 sock0 RECV
[u2m] 163184817 net sock0 MACRAW rx len=60
[u2m] 163190318 sock0 RECV
[u2m] 163786463 net sock0 MACRAW rx len=60
[u2m] 163791497 sock0 RECV
[u2m] 165338305 net sock0 MACRAW rx len=60
[u2m] 165342327 sock0 RECV
[u2m] 166240019 net sock0 MACRAW rx len=63
[u2m] 166246860 sock0 RECV
[u2m] 166291380 net sock0 MACRAW rx len=63
[u2m] 166291513 net sock0 MACRAW rx len=60
[u2m] 166291617 net sock0 MACRAW rx len=60
[u2m] 166297488 sock0 RECV
[u2m] 166309547 sock0 RECV
[u2m] 166319732 sock0 RECV
[u2m] 166857711 net sock0 MACRAW rx len=63
[u2m] 166857853 net sock0 MACRAW rx len=63
[u2m] 166865621 sock0 RECV
[u2m] 166877720 sock0 RECV
[u2m] 168115403 net sock0 MACRAW rx len=60
[u2m] 168119875 sock0 RECV
[u2m] 169917273 net sock0 MACRAW rx len=60
[u2m] 169918700 sock0 RECV
[u2m] 171169060 net sock0 MACRAW rx len=63
[u2m] 171169198 net sock0 MACRAW rx len=63
[u2m] 171174655 sock0 RECV
[u2m] 171185590 sock0 RECV
[u2m] 171776600 net sock0 MACRAW rx len=60
[u2m] 171776746 net sock0 MACRAW rx len=60
[u2m] 171776854 net sock0 MACRAW rx len=63
[u2m] 171776968 net sock0 MACRAW rx len=63
[u2m] 171777062 net sock0 MACRAW rx len=60
[u2m] 171781403 sock0 RECV
[u2m] 171791587 sock0 RECV
[u2m] 171800654 sock0 RECV
[u2m] 171812755 sock0 RECV
[u2m] 171824813 sock0 RECV
[u2m] 175753852 net sock0 MACRAW rx len=60
[u2m] 175763746 sock0 RECV
[u2m] 176105507 net sock0 MACRAW rx len=63
[u2m] 176105649 net sock0 MACRAW rx len=63
[u2m] 176115186 sock0 RECV
[u2m] 176126408 sock0 RECV
[u2m] 176713060 net sock0 MACRAW rx len=63
[u2m] 176713200 net sock0 MACRAW rx len=63
[u2m] 176720324 sock0 RECV
[u2m] 176732474 sock0 RECV
[u2m] 177310700 sock0 SEND
[u2m] 177310712 net sock0 MACRAW ptrs len=58 rd=0x0E18 wr=0x0E52 rdm=0x18 wrm=0x52
[u2m] 177310724 net sock0 MACRAW tx len=58
[u2m] 177320645 net sock0 MACRAW tx len=58
[u2m] 177385504 net sock0 MACRAW rx len=58
[u2m] 177393097 sock0 RECV
[u2m] 177708218 sock0 SEND
[u2m] 177708232 net sock0 MACRAW ptrs len=167 rd=0x0E52 wr=0x0EF9 rdm=0x52 wrm=0xF9
[u2m] 177708253 net sock0 MACRAW tx len=167
[u2m] 177737401 net sock0 MACRAW tx len=167
[u2m] 177802517 net sock0 MACRAW rx len=54
[u2m] 177807752 sock0 RECV
[u2m] 177904081 net sock0 MACRAW rx len=60
[u2m] 177909234 sock0 RECV
[u2m] 181306368 net sock0 MACRAW rx len=63
[u2m] 181306509 net sock0 MACRAW rx len=63
[u2m] 181310506 sock0 RECV
[u2m] 181322656 sock0 RECV
[u2m] 181914387 net sock0 MACRAW rx len=63
[u2m] 181914535 net sock0 MACRAW rx len=63
[u2m] 181914642 net sock0 MACRAW rx len=60
[u2m] 181920859 sock0 RECV
[u2m] 181931811 sock0 RECV
[u2m] 181943917 sock0 RECV
[u2m] 182228300 net sock0 MACRAW rx len=60
[u2m] 182234493 sock0 RECV
[u2m] 186230604 net sock0 MACRAW rx len=63
[u2m] 186230751 net sock0 MACRAW rx len=63
[u2m] 186238385 sock0 RECV
[u2m] 186250535 sock0 RECV
[u2m] 186838164 net sock0 MACRAW rx len=60
[u2m] 186838308 net sock0 MACRAW rx len=63
[u2m] 186838426 net sock0 MACRAW rx len=63
[u2m] 186840241 sock0 RECV
[u2m] 186850521 sock0 RECV
[u2m] 186862672 sock0 RECV
[u2m] 189002383 net sock0 MACRAW rx len=60
[u2m] 189005405 sock0 RECV
[u2m] 190804293 net sock0 MACRAW rx len=92
[u2m] 190809029 sock0 RECV
[u2m] 191155942 net sock0 MACRAW rx len=63
[u2m] 191156087 net sock0 MACRAW rx len=63
[u2m] 191163587 sock0 RECV
[u2m] 191175701 sock0 RECV
NETPUMP: RequestAbortAll()
NETPUMP: RequestAbortAll()
NETPUMP: RequestAbortAll()
[u2m] 209607401 sock0 OPEN mr=0x44 port=0 ok
[u2m] 209619428 sock0 SEND
[u2m] 209619442 net sock0 MACRAW ptrs len=292 rd=0x0EF9 wr=0x101D rdm=0xF9 wrm=0x1D
[u2m] 209619472 net sock0 MACRAW tx len=292
[u2m] 209622942 net sock0 MACRAW tx len=292
[u2m] 209689661 sock0 SEND
[u2m] 209689673 net sock0 MACRAW ptrs len=292 rd=0x101D wr=0x1141 rdm=0x1D wrm=0x41
[u2m] 209689700 net sock0 MACRAW tx len=292
[u2m] 209692171 net sock0 MACRAW tx len=292
[u2m] 209824719 sock0 SEND
[u2m] 209824728 net sock0 MACRAW ptrs len=292 rd=0x1141 wr=0x1265 rdm=0x41 wrm=0x65
[u2m] 209824759 net sock0 MACRAW tx len=292
[u2m] 209857360 net sock0 MACRAW tx len=292
[u2m] 209857554 net sock0 MACRAW rx len=342
[u2m] 209857817 net sock0 MACRAW rx len=342
[u2m] 209857986 net sock0 MACRAW rx len=342
[u2m] 209867507 sock0 RECV
[u2m] 209873392 sock0 SEND
[u2m] 209873401 net sock0 MACRAW ptrs len=298 rd=0x1265 wr=0x138F rdm=0x65 wrm=0x8F
[u2m] 209873432 net sock0 MACRAW tx len=298
[u2m] 209883701 sock0 RECV
[u2m] 209953496 net sock0 MACRAW tx len=298
[u2m] 209953687 net sock0 MACRAW rx len=342
[u2m] 209953904 net sock0 MACRAW rx len=342
[u2m] 209954066 net sock0 MACRAW rx len=342
[u2m] 209954216 net sock0 MACRAW rx len=342
[u2m] 209954366 net sock0 MACRAW rx len=342
[u2m] 210175524 net sock0 MACRAW rx len=342
[u2m] 210175737 net sock0 MACRAW rx len=342
[u2m] 210175898 net sock0 MACRAW rx len=342
[u2m] 210176050 net sock0 MACRAW rx len=342
[u2m] 210176199 net sock0 MACRAW rx len=346
[u2m] 210243310 net sock0 MACRAW rx len=346
[u2m] 210243515 net sock0 MACRAW rx len=346
[u2m] 210243668 net sock0 MACRAW rx len=346
[u2m] 211103148 net sock0 MACRAW rx len=63
[u2m] 211103283 net sock0 MACRAW rx len=63
[u2m] 212958805 net sock0 MACRAW rx len=60
[u2m] 213860399 net sock0 MACRAW rx len=60
[u2m] 216312274 net sock0 MACRAW rx len=63
[u2m] 216312417 net sock0 MACRAW rx len=63
[u2m] 216312526 net sock0 MACRAW rx len=60
[u2m] 216971669 net sock0 MACRAW rx len=63
[u2m] 216971810 net sock0 MACRAW rx len=63
[u2m] 218867549 sock0 SEND
[u2m] 218867562 net sock0 MACRAW ptrs len=42 rd=0x138F wr=0x13B9 rdm=0x8F wrm=0xB9
[u2m] 218867572 net sock0 MACRAW tx len=42
[u2m] 218877376 net sock0 MACRAW tx len=42
[u2m] 218885991 sock0 RECV
[u2m] 218896585 sock0 RECV
[u2m] 218907117 sock0 RECV
[u2m] 218916007 sock0 RECV
[u2m] 218924905 sock0 RECV
[u2m] 218933782 sock0 RECV
[u2m] 218942445 sock0 RECV
[u2m] 218944678 net sock0 MACRAW rx len=60
[u2m] 218944829 net sock0 MACRAW rx len=60
[u2m] 218944932 net sock0 MACRAW rx len=60
[u2m] 218945025 net sock0 MACRAW rx len=60
[u2m] 218959162 sock0 RECV
[u2m] 218968047 sock0 RECV
[u2m] 218976923 sock0 RECV
[u2m] 218985571 sock0 RECV
[u2m] 218994456 sock0 RECV
[u2m] 219003333 sock0 RECV
[u2m] 219012479 sock0 RECV
[u2m] 219022580 sock0 SEND
[u2m] 219022590 net sock0 MACRAW ptrs len=76 rd=0x13B9 wr=0x1405 rdm=0xB9 wrm=0x05
[u2m] 219022603 net sock0 MACRAW tx len=76
[u2m] 219029676 net sock0 MACRAW tx len=76
[u2m] 219031200 sock0 RECV
[u2m] 219039826 sock0 RECV
[u2m] 219109197 net sock0 MACRAW rx len=60
[u2m] 219109349 net sock0 MACRAW rx len=91
[u2m] 219113442 sock0 RECV
[u2m] 219122240 sock0 RECV
[u2m] 219417415 net sock0 MACRAW rx len=117
[u2m] 220019031 net sock0 MACRAW rx len=60
[u2m] 221220709 net sock0 MACRAW rx len=63
[u2m] 221220851 net sock0 MACRAW rx len=63
[u2m] 221876154 net sock0 MACRAW rx len=63
[u2m] 221876288 net sock0 MACRAW rx len=63
[u2m] 222181548 net sock0 MACRAW rx len=60
[u2m] 223893023 sock0 SEND
[u2m] 223893036 net sock0 MACRAW ptrs len=54 rd=0x1405 wr=0x143B rdm=0x05 wrm=0x3B
[u2m] 223893047 net sock0 MACRAW tx len=54
[u2m] 223901996 sock0 RECV
[u2m] 223911586 sock0 SEND
[u2m] 223911587 net sock0 MACRAW ptrs len=54 rd=0x143B wr=0x1471 rdm=0x3B wrm=0x71
[u2m] 223911592 net sock0 MACRAW tx len=54
[u2m] 223920190 sock0 RECV
[u2m] 223928837 sock0 RECV
[u2m] 223933294 net sock0 MACRAW tx len=54
[u2m] 223937726 sock0 RECV
[u2m] 223946603 sock0 RECV
[u2m] 223955478 sock0 RECV
[u2m] 223964337 sock0 RECV
[u2m] 224038637 sock0 SEND
[u2m] 224038646 net sock0 MACRAW ptrs len=54 rd=0x1471 wr=0x14A7 rdm=0x71 wrm=0xA7
[u2m] 224038657 net sock0 MACRAW tx len=54
[u2m] 224078721 net sock0 MACRAW tx len=54
[u2m] 224143647 net sock0 MACRAW rx len=58
[u2m] 224152833 sock0 RECV
[u2m] 224154720 sock0 SEND
[u2m] 224154731 net sock0 MACRAW ptrs len=54 rd=0x14A7 wr=0x14DD rdm=0xA7 wrm=0xDD
[u2m] 224154742 net sock0 MACRAW tx len=54
[u2m] 224195224 net sock0 MACRAW tx len=54
[u2m] 224195390 net sock0 MACRAW rx len=58
[u2m] 224205239 sock0 RECV
[u2m] 224206903 sock0 SEND
[u2m] 224206912 net sock0 MACRAW ptrs len=54 rd=0x14DD wr=0x1513 rdm=0xDD wrm=0x13
[u2m] 224206922 net sock0 MACRAW tx len=54
[u2m] 224282669 net sock0 MACRAW tx len=54
[u2m] 224333991 net sock0 MACRAW rx len=54
[u2m] 224345652 sock0 RECV
[u2m] 224385395 net sock0 MACRAW rx len=54
[u2m] 224939341 net sock0 MACRAW rx len=60
[u2m] 225240837 net sock0 MACRAW rx len=92
[u2m] 226142445 net sock0 MACRAW rx len=92
[u2m] 226142580 net sock0 MACRAW rx len=92
[u2m] 226142682 net sock0 MACRAW rx len=63
[u2m] 226142776 net sock0 MACRAW rx len=63
[u2m] 226455630 net sock0 MACRAW rx len=92
[u2m] 226757093 net sock0 MACRAW rx len=63
[u2m] 226757224 net sock0 MACRAW rx len=63
[u2m] 226757327 net sock0 MACRAW rx len=92
[u2m] 226757428 net sock0 MACRAW rx len=92
[u2m] 227070329 net sock0 MACRAW rx len=92
[u2m] 227671828 net sock0 MACRAW rx len=92
[u2m] 227671970 net sock0 MACRAW rx len=92
[u2m] 227977176 net sock0 MACRAW rx len=60
[u2m] 231379268 net sock0 MACRAW rx len=63
[u2m] 231379398 net sock0 MACRAW rx len=63
[u2m] 231379500 net sock0 MACRAW rx len=60
[u2m] 231379609 net sock0 MACRAW rx len=60
[u2m] 231692500 net sock0 MACRAW rx len=63
[u2m] 231692643 net sock0 MACRAW rx len=63
[u2m] 232598014 net sock0 MACRAW rx len=60
[u2m] 232598163 net sock0 MACRAW rx len=60
[u2m] 234653887 sock0 SEND
[u2m] 234653900 net sock0 MACRAW ptrs len=76 rd=0x1513 wr=0x155F rdm=0x13 wrm=0x5F
[u2m] 234653912 net sock0 MACRAW tx len=76
[u2m] 234662477 sock0 RECV
[u2m] 234672730 sock0 SEND
[u2m] 234672731 net sock0 MACRAW ptrs len=76 rd=0x155F wr=0x15AB rdm=0x5F wrm=0xAB
[u2m] 234672738 net sock0 MACRAW tx len=76
[u2m] 234681334 sock0 RECV
[u2m] 234690153 sock0 RECV
[u2m] 234699228 sock0 RECV
[u2m] 234703780 net sock0 MACRAW tx len=76
[u2m] 234716435 sock0 RECV
[u2m] 234725321 sock0 RECV
[u2m] 234734215 sock0 RECV
[u2m] 234751347 sock0 RECV
[u2m] 234760239 sock0 RECV
[u2m] 234769134 sock0 RECV
[u2m] 234778199 sock0 RECV
[u2m] 234787261 sock0 RECV
[u2m] 234796324 sock0 RECV
[u2m] 234799199 net sock0 MACRAW rx len=91
[u2m] 234806551 sock0 SEND
[u2m] 234806563 net sock0 MACRAW ptrs len=76 rd=0x15AB wr=0x15F7 rdm=0xAB wrm=0xF7
[u2m] 234806576 net sock0 MACRAW tx len=76
[u2m] 234815343 sock0 RECV
[u2m] 234824421 sock0 RECV
[u2m] 234833298 sock0 RECV
[u2m] 234841950 sock0 RECV
[u2m] 234850837 sock0 RECV
[u2m] 234859714 sock0 RECV
[u2m] 234868343 sock0 RECV
[u2m] 234885054 sock0 RECV
[u2m] 234886175 net sock0 MACRAW tx len=76
[u2m] 234893946 sock0 RECV
[u2m] 234902821 sock0 RECV
[u2m] 234911447 sock0 RECV
[u2m] 234920248 sock0 RECV
[u2m] 234952071 net sock0 MACRAW rx len=91
[u2m] 235061029 net sock0 MACRAW rx len=60
[u2m] 236312684 net sock0 MACRAW rx len=63
[u2m] 236312832 net sock0 MACRAW rx len=63
[u2m] 236618084 net sock0 MACRAW rx len=60
[u2m] 236919516 net sock0 MACRAW rx len=63
[u2m] 236919662 net sock0 MACRAW rx len=63
[u2m] 237825031 net sock0 MACRAW rx len=60
[u2m] 239122702 sock0 SEND
[u2m] 239122715 net sock0 MACRAW ptrs len=54 rd=0x15F7 wr=0x162D rdm=0xF7 wrm=0x2D
[u2m] 239122726 net sock0 MACRAW tx len=54
[u2m] 239126713 net sock0 MACRAW tx len=54
[u2m] 239131514 sock0 RECV
[u2m] 239140393 sock0 RECV
[u2m] 239149044 sock0 RECV
[u2m] 239157911 sock0 RECV
[u2m] 239166771 sock0 RECV
[u2m] 239175416 sock0 RECV
[u2m] 239184284 sock0 RECV
[u2m] 239193143 sock0 RECV
[u2m] 239202469 sock0 SEND
[u2m] 239202479 net sock0 MACRAW ptrs len=54 rd=0x162D wr=0x1663 rdm=0x2D wrm=0x63
[u2m] 239202489 net sock0 MACRAW tx len=54
[u2m] 239271791 net sock0 MACRAW tx len=54
[u2m] 239271957 net sock0 MACRAW rx len=58
[u2m] 239284153 sock0 RECV
[u2m] 239285874 sock0 SEND
[u2m] 239285884 net sock0 MACRAW ptrs len=54 rd=0x1663 wr=0x1699 rdm=0x63 wrm=0x99
[u2m] 239285896 net sock0 MACRAW tx len=54
[u2m] 239327303 net sock0 MACRAW tx len=54
[u2m] 239394609 net sock0 MACRAW rx len=58
[u2m] 239411160 sock0 RECV
[u2m] 239412828 sock0 SEND
[u2m] 239412840 net sock0 MACRAW ptrs len=54 rd=0x1699 wr=0x16CF rdm=0x99 wrm=0xCF
[u2m] 239412851 net sock0 MACRAW tx len=54
[u2m] 239446164 net sock0 MACRAW tx len=54
[u2m] 239446328 net sock0 MACRAW rx len=54
[u2m] 239462092 sock0 RECV
[u2m] 239620058 net sock0 MACRAW rx len=54
[u2m] 240921750 net sock0 MACRAW rx len=60
[u2m] 241223249 net sock0 MACRAW rx len=63
[u2m] 241223396 net sock0 MACRAW rx len=63
[u2m] 241828699 net sock0 MACRAW rx len=63
[u2m] 241828832 net sock0 MACRAW rx len=63
[u2m] 242134090 net sock0 MACRAW rx len=20
[u2m] 242435496 net sock0 MACRAW rx len=60
[u2m] 243687347 net sock0 MACRAW rx len=20
[u2m] 243988750 net sock0 MACRAW rx len=64
[u2m] 246140555 net sock0 MACRAW rx len=63
[u2m] 246140699 net sock0 MACRAW rx len=63
[u2m] 246445919 net sock0 MACRAW rx len=60
[u2m] 246747385 net sock0 MACRAW rx len=63
[u2m] 246747522 net sock0 MACRAW rx len=63
[u2m] 250103390 net sock0 MACRAW rx len=60
[u2m] 251355064 net sock0 MACRAW rx len=63
[u2m] 251355210 net sock0 MACRAW rx len=63
[u2m] 251355310 net sock0 MACRAW rx len=60
[u2m] 251964442 net sock0 MACRAW rx len=63
[u2m] 251964575 net sock0 MACRAW rx len=63


---------- 2026-06-26 21:23:49 -0400: Logging Stopped ----------

