
---------- 2026-05-10 11:41:48 -0400: Logging Started ----------



#     #                          #######
##   ##  ######   ####     ##    #        #         ##     ####   #    #
# # # #  #       #    #   #  #   #        #        #  #   #       #    #
#  #  #  #####   #       #    #  #####    #       #    #   ####   ######
#     #  #       #  ###  ######  #        #       ######       #  #    #
#     #  #       #    #  #    #  #        #       #    #  #    #  #    #
#     #  ######   ####   #    #  #        ######  #    #   ####   #    #

Main Menu
=========

1) Device Information
2) Upload ProDOS Image file to MegaFlash
3) Download ProDOS Image file from MegaFlash
4) Erase Flash Content

Please Select:1

Device Information
==================

Pico Board = Pico 2 RP2350
Wifi Supported = Yes
CPU Speed = 225MHz, SPI Speed = 75.0MHz
MegaFlash Pico Firmware Version = V1.1.10
Pico Firmware Build Timestamp = Mar 19 2026 13:59:38
Pico SDK Version = 2.2.0
Total Flash Capacity = 256MB
Flash Chip #0 JEDEC ID = EF4021h
Flash Chip #1 JEDEC ID = EF4021h
Free/Total Heap = 37808/40544

Partition Information:
Drive Type    Volume Name     Size (Blocks)
  1   ProDOS  A2.DESKTOP      65535
  2   Empty   
  3   ProDOS  TOTAL.REPLAY    65535
  4   Empty   
  5   Empty   
  6   Empty   
  7   Empty   
  8   Empty   

Press any key to continue...

---------- 2026-05-10 11:42:08 -0400: Disconnected ----------


---------- 2026-05-11 23:16:30 -0400: Connected ----------



#     #                          #######
##   ##  ######   ####     ##    #        #         ##     ####   #    #
# # # #  #       #    #   #  #   #        #        #  #   #       #    #
#  #  #  #####   #       #    #  #####    #       #    #   ####   ######
#     #  #       #  ###  ######  #        #       ######       #  #    #
#     #  #       #    #  #    #  #        #       #    #  #    #  #    #
#     #  ######   ####   #    #  #        ######  #    #   ####   #    #

Main Menu
=========

1) Device Information
2) Upload ProDOS Image file to MegaFlash
3) Download ProDOS Image file from MegaFlash
4) Erase Flash Content

Please Select:1

Device Information
==================

Pico Board = Pico 2 RP2350
Wifi Supported = Yes
CPU Speed = 225MHz, SPI Speed = 75.0MHz
MegaFlash Pico Firmware Version = V1.1.10
Pico Firmware Build Timestamp = Mar 19 2026 13:59:38
Pico SDK Version = 2.2.0
Total Flash Capacity = 256MB
Flash Chip #0 JEDEC ID = EF4021h
Flash Chip #1 JEDEC ID = EF4021h
Free/Total Heap = 37808/40544

Partition Information:
Drive Type    Volume Name     Size (Blocks)
  1   ProDOS  A2.DESKTOP      65535
  2   Empty   
  3   ProDOS  TOTAL.REPLAY    65535
  4   Empty   
  5   Empty   
  6   Empty   
  7   Empty   
  8   Empty   

Press any key to continue...

---------- 2026-05-11 23:27:08 -0400: Disconnected ----------



---------- 2026-05-22 20:37:46 -0400: Logging Stopped ----------

