
---------- 2026-05-11 17:45:57 -0400: Logging Started ----------



#     #                          #######
##   ##  ######   ####     ##    #        #         ##     ####   #    #
# # # #  #       #    #   #  #   #        #        #  #   #       #    #
#  #  #  #####   #       #    #  #####    #       #    #   ####   ######
#     #  #       #  ###  ######  #        #       ######       #  #    #
#     #  #       #    #  #    #  #        #       #    #  #    #  #    #
#     #  ######   ####   #    #  #        ######  #    #   ####   #    #

Main Menu
=========

1) Device Information
2) Upload ProDOS Image file to MegaFlash
3) Download ProDOS Image file from MegaFlash
4) Erase Flash Content

Please Select:1

Device Information
==================

Pico Board = Pico 2 RP2350
Wifi Supported = Yes
CPU Speed = 150MHz, SPI Speed = 75.0MHz
MegaFlash Pico Firmware Version = V1.2.1-eo
Firmware build: 2026-04-27 02:11:08 UTC  (1777255868 Unix s)
Pico SDK Version = 2.2.0
Total Flash Capacity = 128MB
Flash Chip #0 JEDEC ID = 204020h
Flash Chip #1 JEDEC ID = 204020h

Partition Information:
Drive Type    Volume Name     Size (Blocks)
  1   Unknown 
  2   Empty   
  3   Empty   
  4   Empty   

Press any key to continue...


#     #                          #######
##   ##  ######   ####     ##    #        #         ##     ####   #    #
# # # #  #       #    #   #  #   #        #        #  #   #       #    #
#  #  #  #####   #       #    #  #####    #       #    #   ####   ######
#     #  #       #  ###  ######  #        #       ######       #  #    #
#     #  #       #    #  #    #  #        #       #    #  #    #  #    #
#     #  ######   ####   #    #  #        ######  #    #   ####   #    #

Main Menu
=========

1) Device Information
2) Upload ProDOS Image file to MegaFlash
3) Download ProDOS Image file from MegaFlash
4) Erase Flash Content

Please Select:2

Upload ProDOS Image
===================

A ProDOS order disk image (.po/.hdv) can be uploaded to MegaFlash and
written to a drive with XMODEM-CRC protocol.

Partition Information:
Drive Type    Volume Name     Size (Blocks)
  1   Unknown 
  2   Empty   
  3   Empty   
  4   Empty   

Please enter drive number (1-4), Ctrl-C to abort:1

Current:
Drive  = 1
Type   = Unknown

WARNING: All data stored in the drive will be destroyed.
Type CONFIRM to proceed, Ctrl-C to abort: confirm

You are ready to upload ProDOS image file to drive 1.
Please start upload using XModem-1k or XModem/CRC protocol
within 90 seconds. Type Ctrl-C to abort.
CCC

---------- 2026-05-11 17:46:40 -0400: Disconnected ----------


---------- 2026-05-11 17:46:43 -0400: Connected ----------



#     #                          #######
##   ##  ######   ####     ##    #        #         ##     ####   #    #
# # # #  #       #    #   #  #   #        #        #  #   #       #    #
#  #  #  #####   #       #    #  #####    #       #    #   ####   ######
#     #  #       #  ###  ######  #        #       ######       #  #    #
#     #  #       #    #  #    #  #        #       #    #  #    #  #    #
#     #  ######   ####   #    #  #        ######  #    #   ####   #    #

Main Menu
=========

1) Device Information
2) Upload ProDOS Image file to MegaFlash
3) Download ProDOS Image file from MegaFlash
4) Erase Flash Content

Please Select:2

Upload ProDOS Image
===================

A ProDOS order disk image (.po/.hdv) can be uploaded to MegaFlash and
written to a drive with XMODEM-CRC protocol.

Partition Information:
Drive Type    Volume Name     Size (Blocks)
  1   Empty   
  2   Empty   
  3   Empty   
  4   Empty   

Please enter drive number (1-4), Ctrl-C to abort:3

Current:
Drive  = 3
Type   = Empty

WARNING: All data stored in the drive will be destroyed.
Type CONFIRM to proceed, Ctrl-C to abort: confirm

You are ready to upload ProDOS image file to drive 3.
Please start upload using XModem-1k or XModem/CRC protocol
within 90 seconds. Type Ctrl-C to abort.
CCC


#     #                          #######
##   ##  ######   ####     ##    #        #         ##     ####   #    #
# # # #  #       #    #   #  #   #        #        #  #   #       #    #
#  #  #  #####   #       #    #  #####    #       #    #   ####   ######
#     #  #       #  ###  ######  #        #       ######       #  #    #
#     #  #       #    #  #    #  #        #       #    #  #    #  #    #
#     #  ######   ####   #    #  #        ######  #    #   ####   #    #

Main Menu
=========

1) Device Information
2) Upload ProDOS Image file to MegaFlash
3) Download ProDOS Image file from MegaFlash
4) Erase Flash Content

Please Select:1

Device Information
==================

Pico Board = Pico 2 RP2350
Wifi Supported = Yes
CPU Speed = 150MHz, SPI Speed = 75.0MHz
MegaFlash Pico Firmware Version = V1.2.1-eo
Firmware build: 2026-04-27 02:11:08 UTC  (1777255868 Unix s)
Pico SDK Version = 2.2.0
Total Flash Capacity = 128MB
Flash Chip #0 JEDEC ID = 204020h
Flash Chip #1 JEDEC ID = 204020h

Partition Information:
Drive Type    Volume Name     Size (Blocks)
  1   Empty   
  2   Empty   
  3   ProDOS  A2.DESKTOP      65535
  4   Empty   

Press any key to continue...


#     #                          #######
##   ##  ######   ####     ##    #        #         ##     ####   #    #
# # # #  #       #    #   #  #   #        #        #  #   #       #    #
#  #  #  #####   #       #    #  #####    #       #    #   ####   ######
#     #  #       #  ###  ######  #        #       ######       #  #    #
#     #  #       #    #  #    #  #        #       #    #  #    #  #    #
#     #  ######   ####   #    #  #        ######  #    #   ####   #    #

Main Menu
=========

1) Device Information
2) Upload ProDOS Image file to MegaFlash
3) Download ProDOS Image file from MegaFlash
4) Erase Flash Content

Please Select:2

Upload ProDOS Image
===================

A ProDOS order disk image (.po/.hdv) can be uploaded to MegaFlash and
written to a drive with XMODEM-CRC protocol.

Partition Information:
Drive Type    Volume Name     Size (Blocks)
  1   Empty   
  2   Empty   
  3   ProDOS  A2.DESKTOP      65535
  4   Empty   

Please enter drive number (1-4), Ctrl-C to abort:2

Current:
Drive  = 2
Type   = Empty

WARNING: All data stored in the drive will be destroyed.
Type CONFIRM to proceed, Ctrl-C to abort: confirm

You are ready to upload ProDOS image file to drive 2.
Please start upload using XModem-1k or XModem/CRC protocol
within 90 seconds. Type Ctrl-C to abort.
CCC

---------- 2026-05-11 17:51:15 -0400: Disconnected ----------


---------- 2026-05-11 17:51:18 -0400: Connected ----------



#     #                          #######
##   ##  ######   ####     ##    #        #         ##     ####   #    #
# # # #  #       #    #   #  #   #        #        #  #   #       #    #
#  #  #  #####   #       #    #  #####    #       #    #   ####   ######
#     #  #       #  ###  ######  #        #       ######       #  #    #
#     #  #       #    #  #    #  #        #       #    #  #    #  #    #
#     #  ######   ####   #    #  #        ######  #    #   ####   #    #

Main Menu
=========

1) Device Information
2) Upload ProDOS Image file to MegaFlash
3) Download ProDOS Image file from MegaFlash
4) Erase Flash Content

Please Select:1

Device Information
==================

Pico Board = Pico 2 RP2350
Wifi Supported = Yes
CPU Speed = 150MHz, SPI Speed = 75.0MHz
MegaFlash Pico Firmware Version = V1.2.1-eo
Firmware build: 2026-04-27 02:11:08 UTC  (1777255868 Unix s)
Pico SDK Version = 2.2.0
Total Flash Capacity = 128MB
Flash Chip #0 JEDEC ID = 204020h
Flash Chip #1 JEDEC ID = 204020h

Partition Information:
Drive Type    Volume Name     Size (Blocks)
  1   Empty   
  2   Unknown 
  3   ProDOS  A2.DESKTOP      65535
  4   Empty   

Press any key to continue...

---------- 2026-05-11 17:51:31 -0400: Disconnected ----------


---------- 2026-05-11 17:53:10 -0400: Connected ----------



#     #                          #######
##   ##  ######   ####     ##    #        #         ##     ####   #    #
# # # #  #       #    #   #  #   #        #        #  #   #       #    #
#  #  #  #####   #       #    #  #####    #       #    #   ####   ######
#     #  #       #  ###  ######  #        #       ######       #  #    #
#     #  #       #    #  #    #  #        #       #    #  #    #  #    #
#     #  ######   ####   #    #  #        ######  #    #   ####   #    #

Main Menu
=========

1) Device Information
2) Upload ProDOS Image file to MegaFlash
3) Download ProDOS Image file from MegaFlash
4) Erase Flash Content

Please Select:1

Device Information
==================

Pico Board = Pico 2 RP2350
Wifi Supported = Yes
CPU Speed = 225MHz, SPI Speed = 25.0MHz
MegaFlash Pico Firmware Version = V1.1.10
Pico Firmware Build Timestamp = Mar 19 2026 13:59:38
Pico SDK Version = 2.2.0
Total Flash Capacity = 0MB
Flash Chip #0 JEDEC ID = 204020h
Flash Chip #1 JEDEC ID = 204020h
Free/Total Heap = 37808/40544

Press any key to continue...


#     #                          #######
##   ##  ######   ####     ##    #        #         ##     ####   #    #
# # # #  #       #    #   #  #   #        #        #  #   #       #    #
#  #  #  #####   #       #    #  #####    #       #    #   ####   ######
#     #  #       #  ###  ######  #        #       ######       #  #    #
#     #  #       #    #  #    #  #        #       #    #  #    #  #    #
#     #  ######   ####   #    #  #        ######  #    #   ####   #    #

Main Menu
=========

1) Device Information
2) Upload ProDOS Image file to MegaFlash
3) Download ProDOS Image file from MegaFlash
4) Erase Flash Content

Please Select:

---------- 2026-05-11 19:10:55 -0400: Disconnected ----------


---------- 2026-05-11 19:11:17 -0400: Connected ----------



#     #                          #######
##   ##  ######   ####     ##    #        #         ##     ####   #    #
# # # #  #       #    #   #  #   #        #        #  #   #       #    #
#  #  #  #####   #       #    #  #####    #       #    #   ####   ######
#     #  #       #  ###  ######  #        #       ######       #  #    #
#     #  #       #    #  #    #  #        #       #    #  #    #  #    #
#     #  ######   ####   #    #  #        ######  #    #   ####   #    #

Main Menu
=========

1) Device Information
2) Upload ProDOS Image file to MegaFlash
3) Download ProDOS Image file from MegaFlash
4) Erase Flash Content

Please Select:1

Device Information
==================

Pico Board = Pico 2 RP2350
Wifi Supported = Yes
CPU Speed = 225MHz, SPI Speed = 75.0MHz
MegaFlash Pico Firmware Version = V1.1.11Dev
Pico Firmware Build Timestamp = May 11 2026 18:00:41
Pico SDK Version = 2.2.0
Total Flash Capacity = 128MB
Flash Chip #0 JEDEC ID = 204020h
Flash Chip #1 JEDEC ID = 204020h
GCC Version = 15.2.1 20251203
Free/Total Heap = 38904/40200

Partition Information:
Drive Type    Volume Name     Size (Blocks)
  1   Empty   
  2   Unknown 
  3   ProDOS  A2.DESKTOP      65535
  4   Empty   

Press any key to continue...


#     #                          #######
##   ##  ######   ####     ##    #        #         ##     ####   #    #
# # # #  #       #    #   #  #   #        #        #  #   #       #    #
#  #  #  #####   #       #    #  #####    #       #    #   ####   ######
#     #  #       #  ###  ######  #        #       ######       #  #    #
#     #  #       #    #  #    #  #        #       #    #  #    #  #    #
#     #  ######   ####   #    #  #        ######  #    #   ####   #    #

Main Menu
=========

1) Device Information
2) Upload ProDOS Image file to MegaFlash
3) Download ProDOS Image file from MegaFlash
4) Erase Flash Content

Please Select:2

Upload ProDOS Image
===================

A ProDOS ordered disk image (.po/.hdv) can be uploaded to MegaFlash and
written to a drive with XMODEM-CRC or XMODEM-1k protocol.

Partition Information:
Drive Type    Volume Name     Size (Blocks)
  1   Empty   
  2   Unknown 
  3   ProDOS  A2.DESKTOP      65535
  4   Empty   

Please enter drive number (1-4), Ctrl-C to abort:1

Current:
Drive  = 1
Type   = Empty

WARNING: All data stored in the drive will be destroyed.
Type CONFIRM to proceed, Ctrl-C to abort: confirm

You are ready to upload ProDOS ordered image file (.po/.hdv) to drive 1.
Please start upload using XModem-1k or XModem/CRC protocol
within 90 seconds. Type Ctrl-C to abort.
CCCC

---------- 2026-05-11 19:12:32 -0400: Disconnected ----------


---------- 2026-05-11 19:35:26 -0400: Connected ----------


=== flash_si_test MegaFlash SPI NOR ===
clk_sys=150000000 Hz clk_peri=150000000 Hz

CS0 JEDEC 20 40 20
CS0 SR3(read)=FF
CS0 phase default_SR3: baud_target,baud_actual,failures/64
10000000,9375000,0
12000000,10714285,0
15000000,15000000,0
20000000,18750000,0
25000000,25000000,0
30000000,25000000,0
37500000,37500000,0
50000000,37500000,0
62500000,37500000,0
75000000,75000000,0
93750000,75000000,0
100000000,75000000,0
CS0 phase SR3_DRV_cleared (target 100%): now SR3=FF
CS0 phase SR3_DRV_cleared: baud_target,baud_actual,failures/64
10000000,9375000,0
12000000,10714285,0
15000000,15000000,0
20000000,18750000,0
25000000,25000000,0
30000000,25000000,0
37500000,37500000,0
50000000,37500000,0
62500000,37500000,0
75000000,75000000,0
93750000,75000000,0
100000000,75000000,0
CS0 restored SR3=FF

CS1 JEDEC 20 40 20
CS1 SR3(read)=21
CS1 phase default_SR3: baud_target,baud_actual,failures/64
10000000,9375000,0
12000000,10714285,0
15000000,15000000,0
20000000,18750000,0
25000000,25000000,0
30000000,25000000,0
37500000,37500000,0
50000000,37500000,0
62500000,37500000,0
75000000,75000000,0
93750000,75000000,0
100000000,75000000,0
CS1 phase SR3_DRV_cleared (target 100%): now SR3=01
CS1 phase SR3_DRV_cleared: baud_target,baud_actual,failures/64
10000000,9375000,0
12000000,10714285,0
15000000,15000000,0
20000000,18750000,0
25000000,25000000,0
30000000,25000000,0
37500000,37500000,0
50000000,37500000,0
62500000,37500000,0
75000000,75000000,0
93750000,75000000,0
100000000,75000000,0
CS1 restored SR3=21

=== done ===

---------- 2026-05-11 21:32:54 -0400: Disconnected ----------


---------- 2026-05-11 21:33:19 -0400: Connected ----------


=== flash_si_test MegaFlash SPI NOR ===
clk_sys=150000000 Hz clk_peri=150000000 Hz

CS0 JEDEC 20 40 20
CS0 SR3(read)=FF
CS0 phase default_SR3: baud_target,baud_actual,failures/64
10000000,9375000,0
12000000,10714285,0
15000000,15000000,0
20000000,18750000,0
25000000,25000000,0
30000000,25000000,0
37500000,37500000,0
50000000,37500000,0
62500000,37500000,0
75000000,75000000,0
93750000,75000000,0
100000000,75000000,0
CS0 phase SR3_DRV_cleared (target 100%): now SR3=FF
CS0 phase SR3_DRV_cleared: baud_target,baud_actual,failures/64
10000000,9375000,0
12000000,10714285,0
15000000,15000000,0
20000000,18750000,0
25000000,25000000,0
30000000,25000000,0
37500000,37500000,0
50000000,37500000,0
62500000,37500000,0
75000000,75000000,0
93750000,75000000,0
100000000,75000000,0
CS0 restored SR3=FF

CS1 JEDEC 20 40 20
CS1 SR3(read)=21
CS1 phase default_SR3: baud_target,baud_actual,failures/64
10000000,9375000,0
12000000,10714285,0
15000000,15000000,0
20000000,18750000,0
25000000,25000000,0
30000000,25000000,0
37500000,37500000,0
50000000,37500000,0
62500000,37500000,0
75000000,75000000,0
93750000,75000000,0
100000000,75000000,0
CS1 phase SR3_DRV_cleared (target 100%): now SR3=01
CS1 phase SR3_DRV_cleared: baud_target,baud_actual,failures/64
10000000,9375000,0
12000000,10714285,0
15000000,15000000,0
20000000,18750000,0
25000000,25000000,0
30000000,25000000,0
37500000,37500000,0
50000000,37500000,0
62500000,37500000,0
75000000,75000000,0
93750000,75000000,0
100000000,75000000,0
CS1 restored SR3=21

=== read sweep done ===

=== XMODEM-like upload simulation (DESTRUCTIVE) ===
Erases + reprograms last 64 KiB: 0x03FF0000..0x03FFFFFF
Path: 64k erase + tsWriteOneBlockWithoutErase (DMA CRC src, 2x page program, DMA read verify)
Data path: BITINVERSION=1 (same as flash.c image upload — inverted before program)
SPI=75000000 Hz (same as SPI_SPEED_FINAL in flash.c)

CS0 JEDEC 20 40 20 — starting
CS0 BLOCK0 addr=0x03FF0000 FAIL
CS0 BLOCK1 addr=0x03FF0200 FAIL
CS0 BLOCK2 addr=0x03FF0400 FAIL
CS0 BLOCK3 addr=0x03FF0600 FAIL
CS0 BLOCK4 addr=0x03FF0800 FAIL
CS0 BLOCK5 addr=0x03FF0A00 FAIL
CS0 BLOCK6 addr=0x03FF0C00 FAIL
CS0 BLOCK7 addr=0x03FF0E00 FAIL
CS0 BLOCK8 addr=0x03FF1000 FAIL
CS0 BLOCK9 addr=0x03FF1200 FAIL
CS0 BLOCK10 addr=0x03FF1400 FAIL
CS0 BLOCK11 addr=0x03FF1600 FAIL
CS0 BLOCK12 addr=0x03FF1800 FAIL
CS0 BLOCK13 addr=0x03FF1A00 FAIL
CS0 BLOCK14 addr=0x03FF1C00 FAIL
CS0 BLOCK15 addr=0x03FF1E00 FAIL
CS0 done: blocks=16 failures=16

CS1 JEDEC 20 40 20 — starting
CS1 done: blocks=16 failures=0

=== XMODEM-like test finished ===

---------- 2026-05-11 21:40:37 -0400: Disconnected ----------


---------- 2026-05-11 21:40:48 -0400: Connected ----------


=== flash_si_test MegaFlash SPI NOR ===
clk_sys=150000000 Hz clk_peri=150000000 Hz

CS0 JEDEC 20 40 20
CS0 SR3(read)=FF
CS0 phase default_SR3: baud_target,baud_actual,failures/64
10000000,9375000,0
12000000,10714285,0
15000000,15000000,0
20000000,18750000,0
25000000,25000000,0
30000000,25000000,0
37500000,37500000,0
50000000,37500000,0
62500000,37500000,0
75000000,75000000,0
93750000,75000000,0
100000000,75000000,0
CS0 phase SR3_DRV_cleared (target 100%): now SR3=FF
CS0 phase SR3_DRV_cleared: baud_target,baud_actual,failures/64
10000000,9375000,0
12000000,10714285,0
15000000,15000000,0
20000000,18750000,0
25000000,25000000,0
30000000,25000000,0
37500000,37500000,0
50000000,37500000,0
62500000,37500000,0
75000000,75000000,0
93750000,75000000,0
100000000,75000000,0
CS0 restored SR3=FF

CS1 JEDEC 20 40 20
CS1 SR3(read)=21
CS1 phase default_SR3: baud_target,baud_actual,failures/64
10000000,9375000,0
12000000,10714285,0
15000000,15000000,0
20000000,18750000,0
25000000,25000000,0
30000000,25000000,0
37500000,37500000,0
50000000,37500000,0
62500000,37500000,0
75000000,75000000,0
93750000,75000000,0
100000000,75000000,0
CS1 phase SR3_DRV_cleared (target 100%): now SR3=01
CS1 phase SR3_DRV_cleared: baud_target,baud_actual,failures/64
10000000,9375000,0
12000000,10714285,0
15000000,15000000,0
20000000,18750000,0
25000000,25000000,0
30000000,25000000,0
37500000,37500000,0
50000000,37500000,0
62500000,37500000,0
75000000,75000000,0
93750000,75000000,0
100000000,75000000,0
CS1 restored SR3=21

=== read sweep done ===

=== XMODEM-like upload simulation (DESTRUCTIVE) ===
Erases + reprograms last 64 KiB: 0x03FF0000..0x03FFFFFF
Path: 64k erase + tsWriteOneBlockWithoutErase (DMA CRC src, 2x page program, DMA read verify)
Data path: BITINVERSION=1 (same as flash.c image upload — inverted before program)
SPI=75000000 Hz (same as SPI_SPEED_FINAL in flash.c)

CS0 JEDEC 20 40 20 — starting
CS0 post-erase probe64@0x03FF0000 non-FF bytes=64 (expect 0)
CS0 BLOCK0 addr=0x03FF0000 FAIL
  triage bn0: dma_rx_ok=1 crc_src_plain=81C6FABE crc2_dma_sniff=B2AA7578 crc2_blocking=B2AA7578 crc1_dma_repeat=81C6FABE
CS0 BLOCK1 addr=0x03FF0200 FAIL
CS0 BLOCK2 addr=0x03FF0400 FAIL
CS0 BLOCK3 addr=0x03FF0600 FAIL
CS0 BLOCK4 addr=0x03FF0800 FAIL
CS0 BLOCK5 addr=0x03FF0A00 FAIL
CS0 BLOCK6 addr=0x03FF0C00 FAIL
CS0 BLOCK7 addr=0x03FF0E00 FAIL
CS0 BLOCK8 addr=0x03FF1000 FAIL
CS0 BLOCK9 addr=0x03FF1200 FAIL
CS0 BLOCK10 addr=0x03FF1400 FAIL
CS0 BLOCK11 addr=0x03FF1600 FAIL
CS0 BLOCK12 addr=0x03FF1800 FAIL
CS0 BLOCK13 addr=0x03FF1A00 FAIL
CS0 BLOCK14 addr=0x03FF1C00 FAIL
CS0 BLOCK15 addr=0x03FF1E00 FAIL
CS0 done: blocks=16 failures=16

CS1 JEDEC 20 40 20 — starting
CS1 post-erase probe64@0x03FF0000 non-FF bytes=0 (expect 0)
CS1 done: blocks=16 failures=0

=== XMODEM-like test finished ===

---------- 2026-05-11 21:50:09 -0400: Disconnected ----------


---------- 2026-05-11 21:50:27 -0400: Connected ----------


=== flash_si_test MegaFlash SPI NOR ===
clk_sys=150000000 Hz clk_peri=150000000 Hz

CS0 JEDEC 20 40 20
CS0 SR3(read)=FF
CS0 phase default_SR3: baud_target,baud_actual,failures/64
10000000,9375000,0
12000000,10714285,0
15000000,15000000,0
20000000,18750000,0
25000000,25000000,0
30000000,25000000,0
37500000,37500000,0
50000000,37500000,0
62500000,37500000,0
75000000,75000000,0
93750000,75000000,0
100000000,75000000,0
CS0 phase SR3_DRV_cleared (target 100%): now SR3=FF
CS0 phase SR3_DRV_cleared: baud_target,baud_actual,failures/64
10000000,9375000,0
12000000,10714285,0
15000000,15000000,0
20000000,18750000,0
25000000,25000000,0
30000000,25000000,0
37500000,37500000,0
50000000,37500000,0
62500000,37500000,0
75000000,75000000,0
93750000,75000000,0
100000000,75000000,0
CS0 restored SR3=FF

CS1 JEDEC 20 40 20
CS1 SR3(read)=21
CS1 phase default_SR3: baud_target,baud_actual,failures/64
10000000,9375000,0
12000000,10714285,0
15000000,15000000,0
20000000,18750000,0
25000000,25000000,0
30000000,25000000,0
37500000,37500000,0
50000000,37500000,0
62500000,37500000,0
75000000,75000000,0
93750000,75000000,0
100000000,75000000,0
CS1 phase SR3_DRV_cleared (target 100%): now SR3=01
CS1 phase SR3_DRV_cleared: baud_target,baud_actual,failures/64
10000000,9375000,0
12000000,10714285,0
15000000,15000000,0
20000000,18750000,0
25000000,25000000,0
30000000,25000000,0
37500000,37500000,0
50000000,37500000,0
62500000,37500000,0
75000000,75000000,0
93750000,75000000,0
100000000,75000000,0
CS1 restored SR3=21

=== read sweep done ===

=== XMODEM-like upload simulation (DESTRUCTIVE) ===
Erases + reprograms last 64 KiB: 0x03FF0000..0x03FFFFFF
Path: 64k erase + tsWriteOneBlockWithoutErase (DMA CRC, 2x page program, DMA read verify)
Data path: BITINVERSION=1 (same as flash.c image upload — inverted before program)
SPI sweep: same ladder as read sweep; per row: erase + probe64 + BLOCK0; full BLOCK0..15 only when spi_want=75000000 (production SPI_SPEED_FINAL).

xfer,spi_want,spi_got,CS,SR1,SR2,SR3,probe_nonff,block0
0,10000000,9375000,0,00,00,00,64,FAIL
0,10000000,9375000,1,00,02,21,0,OK
1,12000000,10714285,0,00,00,00,64,FAIL
1,12000000,10714285,1,00,02,21,0,OK
2,15000000,15000000,0,00,00,00,64,FAIL
2,15000000,15000000,1,00,02,21,0,OK
3,20000000,18750000,0,00,00,00,64,FAIL
3,20000000,18750000,1,00,02,21,0,OK
4,25000000,25000000,0,00,00,00,64,FAIL
4,25000000,25000000,1,00,02,21,0,OK
5,30000000,25000000,0,00,00,00,64,FAIL
5,30000000,25000000,1,00,02,21,0,OK
6,37500000,37500000,0,00,00,00,64,FAIL
6,37500000,37500000,1,00,02,21,0,OK
7,50000000,37500000,0,00,00,00,64,FAIL
7,50000000,37500000,1,00,02,21,0,OK
8,62500000,37500000,0,00,00,00,64,FAIL
8,62500000,37500000,1,00,02,21,0,OK
9,75000000,75000000,0,00,00,00,64,FAIL
CS0 @75MHz BLOCK0 triage addr=0x03FF0000
  triage bn0: dma_rx_ok=1 crc_src_plain=81C6FABE crc2_dma_sniff=B2AA7578 crc2_blocking=B2AA7578 crc1_dma_repeat=81C6FABE
CS0 BLOCK1 addr=0x03FF0200 FAIL
CS0 BLOCK2 addr=0x03FF0400 FAIL
CS0 BLOCK3 addr=0x03FF0600 FAIL
CS0 BLOCK4 addr=0x03FF0800 FAIL
CS0 BLOCK5 addr=0x03FF0A00 FAIL
CS0 BLOCK6 addr=0x03FF0C00 FAIL
CS0 BLOCK7 addr=0x03FF0E00 FAIL
CS0 BLOCK8 addr=0x03FF1000 FAIL
CS0 BLOCK9 addr=0x03FF1200 FAIL
CS0 BLOCK10 addr=0x03FF1400 FAIL
CS0 BLOCK11 addr=0x03FF1600 FAIL
CS0 BLOCK12 addr=0x03FF1800 FAIL
CS0 BLOCK13 addr=0x03FF1A00 FAIL
CS0 BLOCK14 addr=0x03FF1C00 FAIL
CS0 BLOCK15 addr=0x03FF1E00 FAIL
CS0 @75MHz summary: block0=FAIL failures_blocks_1..15=15
9,75000000,75000000,1,00,02,21,0,OK
CS1 @75MHz summary: block0=OK failures_blocks_1..15=0
10,93750000,75000000,0,00,00,00,64,FAIL
10,93750000,75000000,1,00,02,21,0,OK
11,100000000,75000000,0,00,00,00,64,FAIL
11,100000000,75000000,1,00,02,21,0,OK

=== XMODEM-like test finished ===

---------- 2026-05-11 22:08:59 -0400: Disconnected ----------


---------- 2026-05-11 22:09:12 -0400: Connected ----------


=== flash_si_test MegaFlash SPI NOR ===
clk_sys=150000000 Hz clk_peri=150000000 Hz

CS0 JEDEC 20 40 20
CS0 SR3(read)=FF
CS0 phase default_SR3: baud_target,baud_actual,failures/64
10000000,9375000,0
12000000,10714285,0
15000000,15000000,0
20000000,18750000,0
25000000,25000000,0
30000000,25000000,0
37500000,37500000,0
50000000,37500000,0
62500000,37500000,0
75000000,75000000,0
93750000,75000000,0
100000000,75000000,0
CS0 phase SR3_DRV_cleared (target 100%): now SR3=FF
CS0 phase SR3_DRV_cleared: baud_target,baud_actual,failures/64
10000000,9375000,0
12000000,10714285,0
15000000,15000000,0
20000000,18750000,0
25000000,25000000,0
30000000,25000000,0
37500000,37500000,0
50000000,37500000,0
62500000,37500000,0
75000000,75000000,0
93750000,75000000,0
100000000,75000000,0
CS0 restored SR3=FF

CS1 JEDEC 20 40 20
CS1 SR3(read)=21
CS1 phase default_SR3: baud_target,baud_actual,failures/64
10000000,9375000,0
12000000,10714285,0
15000000,15000000,0
20000000,18750000,0
25000000,25000000,0
30000000,25000000,0
37500000,37500000,0
50000000,37500000,0
62500000,37500000,0
75000000,75000000,0
93750000,75000000,0
100000000,75000000,0
CS1 phase SR3_DRV_cleared (target 100%): now SR3=01
CS1 phase SR3_DRV_cleared: baud_target,baud_actual,failures/64
10000000,9375000,0
12000000,10714285,0
15000000,15000000,0
20000000,18750000,0
25000000,25000000,0
30000000,25000000,0
37500000,37500000,0
50000000,37500000,0
62500000,37500000,0
75000000,75000000,0
93750000,75000000,0
100000000,75000000,0
CS1 restored SR3=21

=== read sweep done ===

=== Soft SPI GPIO (bit-bang, ~100 kHz class, CPOL0 CPHA1) ===
spi_deinit(spi0); same CS/SCK/MOSI/MISO as production.
CS0 soft JEDEC 20 40 20
CS0 soft SR1=00 fastread8@0: FE C7 4F FC B3 E3 F6 87 @03FF0000: FF FF FF FF FF FF FF FF
CS0 soft after WEN: SR1=02 (expect WEL bit if command seen)
CS1 soft JEDEC 20 40 20
CS1 soft SR1=00 fastread8@0: FE C7 4F FC B3 E3 F6 87 @03FF0000: FF FF 58 59 5E 5F 5C 5D
CS1 soft after WEN: SR1=02 (expect WEL bit if command seen)
=== Soft SPI done (HW SPI restored) ===

=== XMODEM-like upload simulation (DESTRUCTIVE) ===
Erases + reprograms last 64 KiB: 0x03FF0000..0x03FFFFFF
Path: 64k erase + tsWriteOneBlockWithoutErase (DMA CRC, 2x page program, DMA read verify)
Data path: BITINVERSION=1 (same as flash.c image upload — inverted before program)
SPI sweep: same ladder as read sweep; per row: erase + probe64 + BLOCK0; full BLOCK0..15 only when spi_want=75000000 (production SPI_SPEED_FINAL).

xfer,spi_want,spi_got,CS,SR1,SR2,SR3,probe_nonff,block0
CS0 postErase SR1 tx16+2ms gaps:00000000000000000000000000000000
 heldBurst12=000000000000000000000000
0,500000,500000,0,00,00,00,64,FAIL
CS1 postErase SR1 tx16+2ms gaps:00000000000000000000000000000000
 heldBurst12=000000000000000000000000
0,500000,500000,1,00,02,21,0,OK
1,1000000,1000000,0,00,00,00,64,FAIL
1,1000000,1000000,1,00,02,21,0,OK
2,10000000,9375000,0,00,00,00,64,FAIL
2,10000000,9375000,1,00,02,21,0,OK
3,12000000,10714285,0,00,00,00,64,FAIL
3,12000000,10714285,1,00,02,21,0,OK
4,15000000,15000000,0,00,00,00,64,FAIL
4,15000000,15000000,1,00,02,21,0,OK
5,20000000,18750000,0,00,00,00,64,FAIL
5,20000000,18750000,1,00,02,21,0,OK
6,25000000,25000000,0,00,00,00,64,FAIL
6,25000000,25000000,1,00,02,21,0,OK
7,30000000,25000000,0,00,00,00,64,FAIL
7,30000000,25000000,1,00,02,21,0,OK
8,37500000,37500000,0,00,00,00,64,FAIL
8,37500000,37500000,1,00,02,21,0,OK
9,50000000,37500000,0,00,00,00,64,FAIL
9,50000000,37500000,1,00,02,21,0,OK
10,62500000,37500000,0,00,00,00,64,FAIL
10,62500000,37500000,1,00,02,21,0,OK
11,75000000,75000000,0,00,00,00,64,FAIL
CS0 @75MHz BLOCK0 triage addr=0x03FF0000
  triage bn0: dma_rx_ok=1 crc_src_plain=81C6FABE crc2_dma_sniff=B2AA7578 crc2_blocking=B2AA7578 crc1_dma_repeat=81C6FABE
CS0 BLOCK1 addr=0x03FF0200 FAIL
CS0 BLOCK2 addr=0x03FF0400 FAIL
CS0 BLOCK3 addr=0x03FF0600 FAIL
CS0 BLOCK4 addr=0x03FF0800 FAIL
CS0 BLOCK5 addr=0x03FF0A00 FAIL
CS0 BLOCK6 addr=0x03FF0C00 FAIL
CS0 BLOCK7 addr=0x03FF0E00 FAIL
CS0 BLOCK8 addr=0x03FF1000 FAIL
CS0 BLOCK9 addr=0x03FF1200 FAIL
CS0 BLOCK10 addr=0x03FF1400 FAIL
CS0 BLOCK11 addr=0x03FF1600 FAIL
CS0 BLOCK12 addr=0x03FF1800 FAIL
CS0 BLOCK13 addr=0x03FF1A00 FAIL
CS0 BLOCK14 addr=0x03FF1C00 FAIL

---------- 2026-05-11 22:09:50 -0400: Disconnected ----------


---------- 2026-05-11 22:09:58 -0400: Connected ----------


=== flash_si_test MegaFlash SPI NOR ===
clk_sys=150000000 Hz clk_peri=150000000 Hz

CS0 JEDEC 20 40 20
CS0 SR3(read)=FF
CS0 phase default_SR3: baud_target,baud_actual,failures/64
10000000,9375000,0
12000000,10714285,0
15000000,15000000,0
20000000,18750000,0
25000000,25000000,0
30000000,25000000,0
37500000,37500000,0
50000000,37500000,0
62500000,37500000,0
75000000,75000000,0
93750000,75000000,0
100000000,75000000,0
CS0 phase SR3_DRV_cleared (target 100%): now SR3=FF
CS0 phase SR3_DRV_cleared: baud_target,baud_actual,failures/64
10000000,9375000,0
12000000,10714285,0
15000000,15000000,0
20000000,18750000,0
25000000,25000000,0
30000000,25000000,0
37500000,37500000,0
50000000,37500000,0
62500000,37500000,0
75000000,75000000,0
93750000,75000000,0
100000000,75000000,0
CS0 restored SR3=FF

CS1 JEDEC 20 40 20
CS1 SR3(read)=21
CS1 phase default_SR3: baud_target,baud_actual,failures/64
10000000,9375000,0
12000000,10714285,0
15000000,15000000,0
20000000,18750000,0
25000000,25000000,0
30000000,25000000,0
37500000,37500000,0
50000000,37500000,0
62500000,37500000,0
75000000,75000000,0
93750000,75000000,0
100000000,75000000,0
CS1 phase SR3_DRV_cleared (target 100%): now SR3=01
CS1 phase SR3_DRV_cleared: baud_target,baud_actual,failures/64
10000000,9375000,0
12000000,10714285,0
15000000,15000000,0
20000000,18750000,0
25000000,25000000,0
30000000,25000000,0
37500000,37500000,0
50000000,37500000,0
62500000,37500000,0
75000000,75000000,0
93750000,75000000,0
100000000,75000000,0
CS1 restored SR3=21

=== read sweep done ===

=== Soft SPI GPIO (bit-bang, ~100 kHz class, CPOL0 CPHA1) ===
spi_deinit(spi0); same CS/SCK/MOSI/MISO as production.
CS0 soft JEDEC 20 40 20
CS0 soft SR1=00 fastread8@0: FE C7 4F FC B3 E3 F6 87 @03FF0000: FF FF FF FF FF FF FF FF
CS0 soft after WEN: SR1=02 (expect WEL bit if command seen)
CS1 soft JEDEC 20 40 20
CS1 soft SR1=00 fastread8@0: FE C7 4F FC B3 E3 F6 87 @03FF0000: FF FF 58 59 5E 5F 5C 5D
CS1 soft after WEN: SR1=02 (expect WEL bit if command seen)
=== Soft SPI done (HW SPI restored) ===

=== XMODEM-like upload simulation (DESTRUCTIVE) ===
Erases + reprograms last 64 KiB: 0x03FF0000..0x03FFFFFF
Path: 64k erase + tsWriteOneBlockWithoutErase (DMA CRC, 2x page program, DMA read verify)
Data path: BITINVERSION=1 (same as flash.c image upload — inverted before program)
SPI sweep: same ladder as read sweep; per row: erase + probe64 + BLOCK0; full BLOCK0..15 only when spi_want=75000000 (production SPI_SPEED_FINAL).

xfer,spi_want,spi_got,CS,SR1,SR2,SR3,probe_nonff,block0
CS0 postErase SR1 tx16+2ms gaps:00000000000000000000000000000000
 heldBurst12=000000000000000000000000
0,500000,500000,0,00,00,00,64,FAIL
CS1 postErase SR1 tx16+2ms gaps:00000000000000000000000000000000
 heldBurst12=000000000000000000000000
0,500000,500000,1,00,02,21,0,OK
1,1000000,1000000,0,00,00,00,64,FAIL
1,1000000,1000000,1,00,02,21,0,OK
2,10000000,9375000,0,00,00,00,64,FAIL
2,10000000,9375000,1,00,02,21,0,OK
3,12000000,10714285,0,00,00,00,64,FAIL
3,12000000,10714285,1,00,02,21,0,OK
4,15000000,15000000,0,00,00,00,64,FAIL
4,15000000,15000000,1,00,02,21,0,OK
5,20000000,18750000,0,00,00,00,64,FAIL
5,20000000,18750000,1,00,02,21,0,OK
6,25000000,25000000,0,00,00,00,64,FAIL
6,25000000,25000000,1,00,02,21,0,OK
7,30000000,25000000,0,00,00,00,64,FAIL
7,30000000,25000000,1,00,02,21,0,OK
8,37500000,37500000,0,00,00,00,64,FAIL
8,37500000,37500000,1,00,02,21,0,OK
9,50000000,37500000,0,00,00,00,64,FAIL
9,50000000,37500000,1,00,02,21,0,OK
10,62500000,37500000,0,00,00,00,64,FAIL
10,62500000,37500000,1,00,02,21,0,OK
11,75000000,75000000,0,00,00,00,64,FAIL
CS0 @75MHz BLOCK0 triage addr=0x03FF0000
  triage bn0: dma_rx_ok=1 crc_src_plain=81C6FABE crc2_dma_sniff=B2AA7578 crc2_blocking=B2AA7578 crc1_dma_repeat=81C6FABE
CS0 BLOCK1 addr=0x03FF0200 FAIL
CS0 BLOCK2 addr=0x03FF0400 FAIL
CS0 BLOCK3 addr=0x03FF0600 FAIL
CS0 BLOCK4 addr=0x03FF0800 FAIL
CS0 BLOCK5 addr=0x03FF0A00 FAIL
CS0 BLOCK6 addr=0x03FF0C00 FAIL
CS0 BLOCK7 addr=0x03FF0E00 FAIL
CS0 BLOCK8 addr=0x03FF1000 FAIL
CS0 BLOCK9 addr=0x03FF1200 FAIL
CS0 BLOCK10 addr=0x03FF1400 FAIL
CS0 BLOCK11 addr=0x03FF1600 FAIL
CS0 BLOCK12 addr=0x03FF1800 FAIL
CS0 BLOCK13 addr=0x03FF1A00 FAIL

---------- 2026-05-11 22:13:30 -0400: Disconnected ----------


---------- 2026-05-11 22:14:00 -0400: Connected ----------


=== flash_si_test MegaFlash SPI NOR ===
build unknown (expect: soft-SPI block after read sweep; xfer row0=500kHz)
clk_sys=150000000 Hz clk_peri=150000000 Hz

CS0 JEDEC 20 40 20
CS0 SR3(read)=FF
CS0 phase default_SR3: baud_target,baud_actual,failures/64
10000000,9375000,0
12000000,10714285,0
15000000,15000000,0
20000000,18750000,0
25000000,25000000,0
30000000,25000000,0
37500000,37500000,0
50000000,37500000,0
62500000,37500000,0
75000000,75000000,0
93750000,75000000,0
100000000,75000000,0
CS0 phase SR3_DRV_cleared (target 100%): now SR3=FF
CS0 phase SR3_DRV_cleared: baud_target,baud_actual,failures/64
10000000,9375000,0
12000000,10714285,0
15000000,15000000,0
20000000,18750000,0
25000000,25000000,0
30000000,25000000,0
37500000,37500000,0
50000000,37500000,0
62500000,37500000,0
75000000,75000000,0
93750000,75000000,0
100000000,75000000,0
CS0 restored SR3=FF

CS1 JEDEC 20 40 20
CS1 SR3(read)=21
CS1 phase default_SR3: baud_target,baud_actual,failures/64
10000000,9375000,0
12000000,10714285,0
15000000,15000000,0
20000000,18750000,0
25000000,25000000,0
30000000,25000000,0
37500000,37500000,0
50000000,37500000,0
62500000,37500000,0
75000000,75000000,0
93750000,75000000,0
100000000,75000000,0
CS1 phase SR3_DRV_cleared (target 100%): now SR3=01
CS1 phase SR3_DRV_cleared: baud_target,baud_actual,failures/64
10000000,9375000,0
12000000,10714285,0
15000000,15000000,0
20000000,18750000,0
25000000,25000000,0
30000000,25000000,0
37500000,37500000,0
50000000,37500000,0
62500000,37500000,0
75000000,75000000,0
93750000,75000000,0
100000000,75000000,0
CS1 restored SR3=21

=== read sweep done ===

=== Soft SPI GPIO (bit-bang, ~100 kHz class, CPOL0 CPHA1) ===
spi_deinit(spi0); same CS/SCK/MOSI/MISO as production.
CS0 soft JEDEC 20 40 20
CS0 soft SR1=00 fastread8@0: FE C7 4F FC B3 E3 F6 87 @03FF0000: FF FF FF FF FF FF FF FF
CS0 soft after WEN: SR1=02 (expect WEL bit if command seen)
CS1 soft JEDEC 20 40 20
CS1 soft SR1=00 fastread8@0: FE C7 4F FC B3 E3 F6 87 @03FF0000: FF FF 58 59 5E 5F 5C 5D
CS1 soft after WEN: SR1=02 (expect WEL bit if command seen)
=== Soft SPI done (HW SPI restored) ===

=== XMODEM-like upload simulation (DESTRUCTIVE) ===
Erases + reprograms last 64 KiB: 0x03FF0000..0x03FFFFFF
Path: 64k erase + tsWriteOneBlockWithoutErase (DMA CRC, 2x page program, DMA read verify)
Data path: BITINVERSION=1 (same as flash.c image upload — inverted before program)
SPI sweep: same ladder as read sweep; per row: erase + probe64 + BLOCK0; full BLOCK0..15 only when spi_want=75000000 (production SPI_SPEED_FINAL).

xfer,spi_want,spi_got,CS,SR1,SR2,SR3,probe_nonff,block0
CS0 postErase SR1 tx16+2ms gaps:00000000000000000000000000000000
 heldBurst12=000000000000000000000000
0,500000,500000,0,00,00,00,64,FAIL
CS1 postErase SR1 tx16+2ms gaps:00000000000000000000000000000000
 heldBurst12=000000000000000000000000
0,500000,500000,1,00,02,21,0,OK
1,1000000,1000000,0,00,00,00,64,FAIL
1,1000000,1000000,1,00,02,21,0,OK
2,10000000,9375000,0,00,00,00,64,FAIL
2,10000000,9375000,1,00,02,21,0,OK
3,12000000,10714285,0,00,00,00,64,FAIL
3,12000000,10714285,1,00,02,21,0,OK
4,15000000,15000000,0,00,00,00,64,FAIL
4,15000000,15000000,1,00,02,21,0,OK
5,20000000,18750000,0,00,00,00,64,FAIL
5,20000000,18750000,1,00,02,21,0,OK
6,25000000,25000000,0,00,00,00,64,FAIL
6,25000000,25000000,1,00,02,21,0,OK
7,30000000,25000000,0,00,00,00,64,FAIL
7,30000000,25000000,1,00,02,21,0,OK
8,37500000,37500000,0,00,00,00,64,FAIL
8,37500000,37500000,1,00,02,21,0,OK
9,50000000,37500000,0,00,00,00,64,FAIL
9,50000000,37500000,1,00,02,21,0,OK
10,62500000,37500000,0,00,00,00,64,FAIL
10,62500000,37500000,1,00,02,21,0,OK
11,75000000,75000000,0,00,00,00,64,FAIL
CS0 @75MHz BLOCK0 triage addr=0x03FF0000
  triage bn0: dma_rx_ok=1 crc_src_plain=81C6FABE crc2_dma_sniff=B2AA7578 crc2_blocking=B2AA7578 crc1_dma_repeat=81C6FABE
CS0 BLOCK1 addr=0x03FF0200 FAIL
CS0 BLOCK2 addr=0x03FF0400 FAIL
CS0 BLOCK3 addr=0x03FF0600 FAIL
CS0 BLOCK4 addr=0x03FF0800 FAIL
CS0 BLOCK5 addr=0x03FF0A00 FAIL
CS0 BLOCK6 addr=0x03FF0C00 FAIL
CS0 BLOCK7 addr=0x03FF0E00 FAIL
CS0 BLOCK8 addr=0x03FF1000 FAIL
CS0 BLOCK9 addr=0x03FF1200 FAIL
CS0 BLOCK10 addr=0x03FF1400 FAIL
CS0 BLOCK11 addr=0x03FF1600 FAIL
CS0 BLOCK12 addr=0x03FF1800 FAIL

---------- 2026-05-11 22:20:04 -0400: Disconnected ----------


---------- 2026-05-11 22:20:23 -0400: Connected ----------


=== flash_si_test MegaFlash SPI NOR ===
build unknown  compiled May 11 2026 22:17:39 (expect: soft-SPI after read sweep; xfer row0=500kHz)
clk_sys=150000000 Hz clk_peri=150000000 Hz

CS0 JEDEC 20 40 20
CS0 SR3(read)=FF
CS0 phase default_SR3: baud_target,baud_actual,failures/64
10000000,9375000,0
12000000,10714285,0
15000000,15000000,0
20000000,18750000,0
25000000,25000000,0
30000000,25000000,0
37500000,37500000,0
50000000,37500000,0
62500000,37500000,0
75000000,75000000,0
93750000,75000000,0
100000000,75000000,0
CS0 phase SR3_DRV_cleared (target 100%): now SR3=FF
CS0 phase SR3_DRV_cleared: baud_target,baud_actual,failures/64
10000000,9375000,0
12000000,10714285,0
15000000,15000000,0
20000000,18750000,0
25000000,25000000,0
30000000,25000000,0
37500000,37500000,0
50000000,37500000,0
62500000,37500000,0
75000000,75000000,0
93750000,75000000,0
100000000,75000000,0
CS0 restored SR3=FF

CS1 JEDEC 20 40 20
CS1 SR3(read)=21
CS1 phase default_SR3: baud_target,baud_actual,failures/64
10000000,9375000,0
12000000,10714285,0
15000000,15000000,0
20000000,18750000,0
25000000,25000000,0
30000000,25000000,0
37500000,37500000,0
50000000,37500000,0
62500000,37500000,0
75000000,75000000,0
93750000,75000000,0
100000000,75000000,0
CS1 phase SR3_DRV_cleared (target 100%): now SR3=01
CS1 phase SR3_DRV_cleared: baud_target,baud_actual,failures/64
10000000,9375000,0
12000000,10714285,0
15000000,15000000,0
20000000,18750000,0
25000000,25000000,0
30000000,25000000,0
37500000,37500000,0
50000000,37500000,0
62500000,37500000,0
75000000,75000000,0
93750000,75000000,0
100000000,75000000,0
CS1 restored SR3=21

=== read sweep done ===

=== Soft SPI GPIO (bit-bang, ~100 kHz class, CPOL0 CPHA1) ===
spi_deinit(spi0); same CS/SCK/MOSI/MISO as production.
CS0 soft JEDEC 20 40 20
CS0 soft SR1=00 SR2=02 SR3=21 fastread8@0: FE C7 4F FC B3 E3 F6 87 @03FF0000: FF FF FF FF FF FF FF FF
CS0 soft after WEN: SR1=02 (expect WEL bit if command seen)
CS1 soft JEDEC 20 40 20
CS1 soft SR1=00 SR2=02 SR3=21 fastread8@0: FE C7 4F FC B3 E3 F6 87 @03FF0000: FF FF 58 59 5E 5F 5C 5D
CS1 soft after WEN: SR1=02 (expect WEL bit if command seen)
=== Soft SPI done (HW SPI restored) ===

=== XMODEM-like upload simulation (DESTRUCTIVE) ===
Erases + reprograms last 64 KiB: 0x03FF0000..0x03FFFFFF
Path: 64k erase + tsWriteOneBlockWithoutErase (DMA CRC, 2x page program, DMA read verify)
Data path: BITINVERSION=1 (same as flash.c image upload — inverted before program)
SPI sweep: same ladder as read sweep; per row: erase + probe64 + BLOCK0; full BLOCK0..15 only when spi_want=75000000 (production SPI_SPEED_FINAL).

xfer,spi_want,spi_got,CS,SR1,SR2,SR3,probe_nonff,block0
CS0 postErase SR1 tx16+2ms gaps:00000000000000000000000000000000
 heldBurst12=000000000000000000000000
CS0 postErase transactional SR2=00 SR3=00
0,500000,500000,0,00,00,00,64,FAIL
CS1 postErase SR1 tx16+2ms gaps:00000000000000000000000000000000
 heldBurst12=000000000000000000000000
CS1 postErase transactional SR2=02 SR3=21
0,500000,500000,1,00,02,21,0,OK
1,1000000,1000000,0,00,00,00,64,FAIL
1,1000000,1000000,1,00,02,21,0,OK
2,10000000,9375000,0,00,00,00,64,FAIL
2,10000000,9375000,1,00,02,21,0,OK
3,12000000,10714285,0,00,00,00,64,FAIL
3,12000000,10714285,1,00,02,21,0,OK
4,15000000,15000000,0,00,00,00,64,FAIL
4,15000000,15000000,1,00,02,21,0,OK
5,20000000,18750000,0,00,00,00,64,FAIL
5,20000000,18750000,1,00,02,21,0,OK
6,25000000,25000000,0,00,00,00,64,FAIL
6,25000000,25000000,1,00,02,21,0,OK
7,30000000,25000000,0,00,00,00,64,FAIL
7,30000000,25000000,1,00,02,21,0,OK
8,37500000,37500000,0,00,00,00,64,FAIL
8,37500000,37500000,1,00,02,21,0,OK
9,50000000,37500000,0,00,00,00,64,FAIL
9,50000000,37500000,1,00,02,21,0,OK
10,62500000,37500000,0,00,00,00,64,FAIL
10,62500000,37500000,1,00,02,21,0,OK
11,75000000,75000000,0,00,00,00,64,FAIL
CS0 @75MHz BLOCK0 triage addr=0x03FF0000
  triage bn0: dma_rx_ok=1 crc_src_plain=81C6FABE crc2_dma_sniff=B2AA7578 crc2_blocking=B2AA7578 crc1_dma_repeat=81C6FABE
CS0 BLOCK1 addr=0x03FF0200 FAIL
CS0 BLOCK2 addr=0x03FF0400 FAIL
CS0 BLOCK3 addr=0x03FF0600 FAIL
CS0 BLOCK4 addr=0x03FF0800 FAIL
CS0 BLOCK5 addr=0x03FF0A00 FAIL
CS0 BLOCK6 addr=0x03FF0C00 FAIL
CS0 BLOCK7 addr=0x03FF0E00 FAIL
CS0 BLOCK8 addr=0x03FF1000 FAIL
CS0 BLOCK9 addr=0x03FF1200 FAIL
CS0 BLOCK10 addr=0x03FF1400 FAIL
CS0 BLOCK11 addr=0x03FF1600 FAIL
CS0 BLOCK12 addr=0x03FF1800 FAIL
CS0 BLOCK13 addr=0x03FF1A00 FAIL

---------- 2026-05-11 22:28:15 -0400: Disconnected ----------


---------- 2026-05-11 22:28:29 -0400: Connected ----------


=== flash_si_test MegaFlash SPI NOR ===
build unknown  compiled May 11 2026 22:17:39 (expect: soft-SPI after read sweep; xfer row0=500kHz)
clk_sys=150000000 Hz clk_peri=150000000 Hz

CS0 JEDEC 20 40 20
CS0 SR3(read)=FF
CS0 phase default_SR3: baud_target,baud_actual,failures/64
10000000,9375000,0
12000000,10714285,0
15000000,15000000,0
20000000,18750000,0
25000000,25000000,0
30000000,25000000,0
37500000,37500000,0
50000000,37500000,0
62500000,37500000,0
75000000,75000000,0
93750000,75000000,0
100000000,75000000,0
CS0 phase SR3_DRV_cleared (target 100%): now SR3=FF
CS0 phase SR3_DRV_cleared: baud_target,baud_actual,failures/64
10000000,9375000,0
12000000,10714285,0
15000000,15000000,0
20000000,18750000,0
25000000,25000000,0
30000000,25000000,0
37500000,37500000,0
50000000,37500000,0
62500000,37500000,0
75000000,75000000,0
93750000,75000000,0
100000000,75000000,0
CS0 restored SR3=FF

CS1 JEDEC 20 40 20
CS1 SR3(read)=21
CS1 phase default_SR3: baud_target,baud_actual,failures/64
10000000,9375000,0
12000000,10714285,0
15000000,15000000,0
20000000,18750000,0
25000000,25000000,0
30000000,25000000,0
37500000,37500000,0
50000000,37500000,0
62500000,37500000,0
75000000,75000000,0
93750000,75000000,0
100000000,75000000,0
CS1 phase SR3_DRV_cleared (target 100%): now SR3=01
CS1 phase SR3_DRV_cleared: baud_target,baud_actual,failures/64
10000000,9375000,0
12000000,10714285,0
15000000,15000000,0
20000000,18750000,0
25000000,25000000,0
30000000,25000000,0
37500000,37500000,0
50000000,37500000,0
62500000,37500000,0
75000000,75000000,0
93750000,75000000,0
100000000,75000000,0
CS1 restored SR3=21

=== read sweep done ===

=== Soft SPI GPIO (bit-bang, ~100 kHz class, CPOL0 CPHA1) ===
spi_deinit(spi0); same CS/SCK/MOSI/MISO as production.
CS0 soft JEDEC 20 40 20
CS0 soft SR1=00 SR2=02 SR3=21 fastread8@0: FE C7 4F FC B3 E3 F6 87 @03FF0000: FF FF FF FF FF FF FF FF
CS0 soft after WEN: SR1=02 (expect WEL bit if command seen)
CS1 soft JEDEC 20 40 20
CS1 soft SR1=00 SR2=02 SR3=21 fastread8@0: FE C7 4F FC B3 E3 F6 87 @03FF0000: FF FF 58 59 5E 5F 5C 5D
CS1 soft after WEN: SR1=02 (expect WEL bit if command seen)
=== Soft SPI done (HW SPI restored) ===

=== XMODEM-like upload simulation (DESTRUCTIVE) ===
Erases + reprograms last 64 KiB: 0x03FF0000..0x03FFFFFF
Path: 64k erase + tsWriteOneBlockWithoutErase (DMA CRC, 2x page program, DMA read verify)
Data path: BITINVERSION=1 (same as flash.c image upload — inverted before program)
SPI sweep: same ladder as read sweep; per row: erase + probe64 + BLOCK0; full BLOCK0..15 only when spi_want=75000000 (production SPI_SPEED_FINAL).

HW SPI baseline 500kHz SR2/SR3 (no erase this line): CS0=00/00 CS1=02/21

xfer,spi_want,spi_got,CS,SR1,SR2,SR3,probe_nonff,block0
CS0 postErase SR1 tx16+2ms gaps:00000000000000000000000000000000
 heldBurst12=000000000000000000000000
CS0 postErase transactional SR2=00 SR3=00
0,500000,500000,0,00,00,00,64,FAIL
CS1 postErase SR1 tx16+2ms gaps:00000000000000000000000000000000
 heldBurst12=000000000000000000000000
CS1 postErase transactional SR2=02 SR3=21
0,500000,500000,1,00,02,21,0,OK
1,1000000,1000000,0,00,00,00,64,FAIL
1,1000000,1000000,1,00,02,21,0,OK
2,10000000,9375000,0,00,00,00,64,FAIL
2,10000000,9375000,1,00,02,21,0,OK
3,12000000,10714285,0,00,00,00,64,FAIL
3,12000000,10714285,1,00,02,21,0,OK
4,15000000,15000000,0,00,00,00,64,FAIL
4,15000000,15000000,1,00,02,21,0,OK
5,20000000,18750000,0,00,00,00,64,FAIL
5,20000000,18750000,1,00,02,21,0,OK
6,25000000,25000000,0,00,00,00,64,FAIL
6,25000000,25000000,1,00,02,21,0,OK
7,30000000,25000000,0,00,00,00,64,FAIL
7,30000000,25000000,1,00,02,21,0,OK
8,37500000,37500000,0,00,00,00,64,FAIL
8,37500000,37500000,1,00,02,21,0,OK
9,50000000,37500000,0,00,00,00,64,FAIL
9,50000000,37500000,1,00,02,21,0,OK
10,62500000,37500000,0,00,00,00,64,FAIL
10,62500000,37500000,1,00,02,21,0,OK
11,75000000,75000000,0,00,00,00,64,FAIL
CS0 @75MHz BLOCK0 triage addr=0x03FF0000
  triage bn0: dma_rx_ok=1 crc_src_plain=81C6FABE crc2_dma_sniff=B2AA7578 crc2_blocking=B2AA7578 crc1_dma_repeat=81C6FABE
CS0 BLOCK1 addr=0x03FF0200 FAIL
CS0 BLOCK2 addr=0x03FF0400 FAIL
CS0 BLOCK3 addr=0x03FF0600 FAIL
CS0 BLOCK4 addr=0x03FF0800 FAIL
CS0 BLOCK5 addr=0x03FF0A00 FAIL
CS0 BLOCK6 addr=0x03FF0C00 FAIL
CS0 BLOCK7 addr=0x03FF0E00 FAIL
CS0 BLOCK8 addr=0x03FF1000 FAIL
CS0 BLOCK9 addr=0x03FF1200 FAIL
CS0 BLOCK10 addr=0x03FF1400 FAIL
CS0 BLOCK11 addr=0x03FF1600 FAIL
CS0 BLOCK12 addr=0x03FF1800 FAIL
CS0 BLOCK13 addr=0x03FF1A00 FAIL

---------- 2026-05-11 23:11:14 -0400: Disconnected ----------



---------- 2026-05-22 20:37:46 -0400: Logging Stopped ----------

